C:/Users/jimmy/Downloads/warehouse_proj/Core/Src/encoder.c:20:6:Encoder_InitDevice	24	static
C:/Users/jimmy/Downloads/warehouse_proj/Core/Src/encoder.c:46:6:Encoder_ResetDevice	16	static
C:/Users/jimmy/Downloads/warehouse_proj/Core/Src/encoder.c:70:6:Encoder_UpdateDevice	24	static
C:/Users/jimmy/Downloads/warehouse_proj/Core/Src/encoder.c:125:6:Encoder_Init	8	static
C:/Users/jimmy/Downloads/warehouse_proj/Core/Src/encoder.c:137:6:Encoder_ResetLeft	8	static
C:/Users/jimmy/Downloads/warehouse_proj/Core/Src/encoder.c:141:6:Encoder_ResetRight	8	static
C:/Users/jimmy/Downloads/warehouse_proj/Core/Src/encoder.c:145:6:Encoder_Update	16	static
C:/Users/jimmy/Downloads/warehouse_proj/Core/Src/encoder.c:151:9:Encoder_GetLeftTotal	4	static
C:/Users/jimmy/Downloads/warehouse_proj/Core/Src/encoder.c:155:9:Encoder_GetRightTotal	4	static
C:/Users/jimmy/Downloads/warehouse_proj/Core/Src/encoder.c:159:9:Encoder_GetLeftDelta	4	static
C:/Users/jimmy/Downloads/warehouse_proj/Core/Src/encoder.c:163:9:Encoder_GetRightDelta	4	static
C:/Users/jimmy/Downloads/warehouse_proj/Core/Src/encoder.c:167:9:Encoder_GetLeftCount	4	static
C:/Users/jimmy/Downloads/warehouse_proj/Core/Src/encoder.c:171:9:Encoder_GetRightCount	4	static
C:/Users/jimmy/Downloads/warehouse_proj/Core/Src/encoder.c:175:7:Encoder_GetRobotSpeed	4	static
