D:/Downloads/warehouse_proj/Core/Src/encoder.c:20:6:Encoder_InitDevice	24	static
D:/Downloads/warehouse_proj/Core/Src/encoder.c:43:6:Encoder_ResetDevice	16	static
D:/Downloads/warehouse_proj/Core/Src/encoder.c:64:6:Encoder_UpdateDevice	48	static
D:/Downloads/warehouse_proj/Core/Src/encoder.c:119:6:Encoder_Init	8	static
D:/Downloads/warehouse_proj/Core/Src/encoder.c:124:6:Encoder_ResetLeft	8	static
D:/Downloads/warehouse_proj/Core/Src/encoder.c:128:6:Encoder_ResetRight	8	static
D:/Downloads/warehouse_proj/Core/Src/encoder.c:132:6:Encoder_Update	16	static
D:/Downloads/warehouse_proj/Core/Src/encoder.c:138:9:Encoder_GetLeftTotal	4	static
D:/Downloads/warehouse_proj/Core/Src/encoder.c:142:9:Encoder_GetRightTotal	4	static
D:/Downloads/warehouse_proj/Core/Src/encoder.c:146:9:Encoder_GetLeftDelta	4	static
D:/Downloads/warehouse_proj/Core/Src/encoder.c:150:9:Encoder_GetRightDelta	4	static
D:/Downloads/warehouse_proj/Core/Src/encoder.c:154:9:Encoder_GetLeftCount	4	static
D:/Downloads/warehouse_proj/Core/Src/encoder.c:158:9:Encoder_GetRightCount	4	static
D:/Downloads/warehouse_proj/Core/Src/encoder.c:166:7:Encoder_GetRobotSpeed	4	static
