D:/Downloads/warehouse_proj/Core/Src/main.c:85:5:main	192	static
D:/Downloads/warehouse_proj/Core/Src/main.c:166:6:SystemClock_Config	88	static
D:/Downloads/warehouse_proj/Core/Src/main.c:210:13:MX_SPI1_Init	8	static
D:/Downloads/warehouse_proj/Core/Src/main.c:247:13:MX_TIM1_Init	56	static
D:/Downloads/warehouse_proj/Core/Src/main.c:294:13:MX_TIM2_Init	48	static
D:/Downloads/warehouse_proj/Core/Src/main.c:338:13:MX_TIM4_Init	56	static
D:/Downloads/warehouse_proj/Core/Src/main.c:383:13:MX_TIM16_Init	8	static
D:/Downloads/warehouse_proj/Core/Src/main.c:412:13:MX_TIM17_Init	88	static
D:/Downloads/warehouse_proj/Core/Src/main.c:469:13:MX_GPIO_Init	40	static
D:/Downloads/warehouse_proj/Core/Src/main.c:544:6:Error_Handler	40	static
