C:/Users/jimmy/Downloads/warehouse_proj/Core/Src/main.c:93:5:main	192	static
C:/Users/jimmy/Downloads/warehouse_proj/Core/Src/main.c:186:6:SystemClock_Config	88	static
C:/Users/jimmy/Downloads/warehouse_proj/Core/Src/main.c:230:13:MX_SPI1_Init	8	static
C:/Users/jimmy/Downloads/warehouse_proj/Core/Src/main.c:268:13:MX_TIM1_Init	56	static
C:/Users/jimmy/Downloads/warehouse_proj/Core/Src/main.c:316:13:MX_TIM2_Init	48	static
C:/Users/jimmy/Downloads/warehouse_proj/Core/Src/main.c:361:13:MX_TIM3_Init	48	static
C:/Users/jimmy/Downloads/warehouse_proj/Core/Src/main.c:409:13:MX_TIM4_Init	56	static
C:/Users/jimmy/Downloads/warehouse_proj/Core/Src/main.c:458:13:MX_TIM16_Init	8	static
C:/Users/jimmy/Downloads/warehouse_proj/Core/Src/main.c:490:13:MX_TIM17_Init	88	static
C:/Users/jimmy/Downloads/warehouse_proj/Core/Src/main.c:553:13:MX_GPIO_Init	40	static
C:/Users/jimmy/Downloads/warehouse_proj/Core/Src/main.c:643:6:Error_Handler	40	static
