D:/Downloads/warehouse_proj/Core/Src/motor.c:7:6:Motor_Init	8	static
D:/Downloads/warehouse_proj/Core/Src/motor.c:21:6:Motor_SetStandby	16	static
D:/Downloads/warehouse_proj/Core/Src/motor.c:25:6:Motor_Left_SetSpeed	16	static
D:/Downloads/warehouse_proj/Core/Src/motor.c:48:6:Motor_Right_SetSpeed	16	static
D:/Downloads/warehouse_proj/Core/Src/motor.c:71:6:Motor_Forward	16	static
D:/Downloads/warehouse_proj/Core/Src/motor.c:78:6:Motor_Reverse	16	static
D:/Downloads/warehouse_proj/Core/Src/motor.c:85:6:Motor_Stop	8	static
D:/Downloads/warehouse_proj/Core/Src/motor.c:90:6:Motor_Brake	8	static
