D:/Downloads/warehouse_proj/Core/Src/motor.c:7:6:Motor_Init	8	static
D:/Downloads/warehouse_proj/Core/Src/motor.c:21:6:Motor_SetStandby	16	static
D:/Downloads/warehouse_proj/Core/Src/motor.c:26:6:Motor_Right_SetSpeed	16	static
D:/Downloads/warehouse_proj/Core/Src/motor.c:59:6:Motor_Left_SetSpeed	16	static
D:/Downloads/warehouse_proj/Core/Src/motor.c:91:6:Motor_Forward	16	static
D:/Downloads/warehouse_proj/Core/Src/motor.c:99:6:Motor_Reverse	16	static
D:/Downloads/warehouse_proj/Core/Src/motor.c:107:6:Motor_Stop	8	static
D:/Downloads/warehouse_proj/Core/Src/motor.c:112:6:Motor_Brake	8	static
