D:/Downloads/warehouse_proj/Core/Src/RFID.c:155:13:RFID_Select	8	static
D:/Downloads/warehouse_proj/Core/Src/RFID.c:165:13:RFID_Deselect	8	static
D:/Downloads/warehouse_proj/Core/Src/RFID.c:179:13:RFID_WriteRegister	24	static
D:/Downloads/warehouse_proj/Core/Src/RFID.c:208:16:RFID_ReadRegister	32	static
D:/Downloads/warehouse_proj/Core/Src/RFID.c:241:13:RFID_WriteRegisterArray	24	static
D:/Downloads/warehouse_proj/Core/Src/RFID.c:277:13:RFID_SetRegisterBits	24	static
D:/Downloads/warehouse_proj/Core/Src/RFID.c:288:13:RFID_ClearRegisterBits	24	static
D:/Downloads/warehouse_proj/Core/Src/RFID.c:303:13:RFID_HardwareReset	8	static
D:/Downloads/warehouse_proj/Core/Src/RFID.c:325:13:RFID_AntennaOn	16	static
D:/Downloads/warehouse_proj/Core/Src/RFID.c:347:20:RFID_LowLevelInit	16	static
D:/Downloads/warehouse_proj/Core/Src/RFID.c:464:13:RFID_Init	16	static
D:/Downloads/warehouse_proj/Core/Src/RFID.c:485:9:RFID_GetVersion	8	static
D:/Downloads/warehouse_proj/Core/Src/RFID.c:495:20:RFID_Transceive	48	static
D:/Downloads/warehouse_proj/Core/Src/RFID.c:656:20:RFID_RequestCard	24	static
D:/Downloads/warehouse_proj/Core/Src/RFID.c:705:20:RFID_ReadCardUID	40	static
D:/Downloads/warehouse_proj/Core/Src/RFID.c:808:13:RFID_UIDsEqual	16	static
D:/Downloads/warehouse_proj/Core/Src/RFID.c:832:6:RFID_UIDMatches	24	static
D:/Downloads/warehouse_proj/Core/Src/RFID.c:858:6:RFID_SetCardCallback	16	static
D:/Downloads/warehouse_proj/Core/Src/RFID.c:864:6:RFID_IsCardAvailable	4	static
D:/Downloads/warehouse_proj/Core/Src/RFID.c:870:6:RFID_GetLastUID	16	static
D:/Downloads/warehouse_proj/Core/Src/RFID.c:892:6:RFID_Task	32	static
D:/Downloads/warehouse_proj/Core/Src/RFID.c:962:19:RFID_check	32	static
