C:/Users/jimmy/Downloads/warehouse_proj/Core/Src/servo.c:17:13:update_compare_value	24	static
C:/Users/jimmy/Downloads/warehouse_proj/Core/Src/servo.c:28:6:servo_init	8	static
C:/Users/jimmy/Downloads/warehouse_proj/Core/Src/servo.c:38:6:Servo_SetAngle	16	static
C:/Users/jimmy/Downloads/warehouse_proj/Core/Src/servo.c:54:6:Servo_SetAngleImmediate	16	static
C:/Users/jimmy/Downloads/warehouse_proj/Core/Src/servo.c:71:6:Servo_Update	24	static
C:/Users/jimmy/Downloads/warehouse_proj/Core/Src/servo.c:108:6:Servo_SetSpeed	16	static
C:/Users/jimmy/Downloads/warehouse_proj/Core/Src/servo.c:115:6:Servo_SetAutoDetach	16	static
C:/Users/jimmy/Downloads/warehouse_proj/Core/Src/servo.c:120:6:servo_stop	8	static
C:/Users/jimmy/Downloads/warehouse_proj/Core/Src/servo.c:125:9:Servo_GetTargetAngle	4	static
C:/Users/jimmy/Downloads/warehouse_proj/Core/Src/servo.c:129:9:Servo_GetCurrentAngle	16	static
C:/Users/jimmy/Downloads/warehouse_proj/Core/Src/servo.c:133:6:Servo_IsMoving	16	static
