C:/Users/jimmy/Downloads/warehouse_proj/Core/Src/stepper.c:13:6:stepper_init	8	static
C:/Users/jimmy/Downloads/warehouse_proj/Core/Src/stepper.c:22:6:stepper_set_dir	8	static
C:/Users/jimmy/Downloads/warehouse_proj/Core/Src/stepper.c:27:6:stepper_step	8	static
C:/Users/jimmy/Downloads/warehouse_proj/Core/Src/stepper.c:31:6:stepper_move_steps	24	static
C:/Users/jimmy/Downloads/warehouse_proj/Core/Src/stepper.c:86:6:stepper_move_degrees	24	static
C:/Users/jimmy/Downloads/warehouse_proj/Core/Src/stepper.c:99:6:stepper_stop	8	static
