C:/Users/jimmy/Downloads/warehouse_proj/Core/Src/uart_control.c:43:6:menu_main	784	static
C:/Users/jimmy/Downloads/warehouse_proj/Core/Src/uart_control.c:73:6:menu_imu	8	static
C:/Users/jimmy/Downloads/warehouse_proj/Core/Src/uart_control.c:84:6:menu_motor	8	static
C:/Users/jimmy/Downloads/warehouse_proj/Core/Src/uart_control.c:102:6:menu_combined	8	static
C:/Users/jimmy/Downloads/warehouse_proj/Core/Src/uart_control.c:119:6:menu_speaker	8	static
C:/Users/jimmy/Downloads/warehouse_proj/Core/Src/uart_control.c:130:6:menu_stepper	8	static
C:/Users/jimmy/Downloads/warehouse_proj/Core/Src/uart_control.c:144:6:menu_normalized	8	static
C:/Users/jimmy/Downloads/warehouse_proj/Core/Src/uart_control.c:152:6:menu_autonomous	8	static
C:/Users/jimmy/Downloads/warehouse_proj/Core/Src/uart_control.c:162:6:menu_servo	8	static
C:/Users/jimmy/Downloads/warehouse_proj/Core/Src/uart_control.c:174:6:menu_voltage	8	static
C:/Users/jimmy/Downloads/warehouse_proj/Core/Src/uart_control.c:181:6:menu_both	8	static
C:/Users/jimmy/Downloads/warehouse_proj/Core/Src/uart_control.c:198:13:UART_SendMessage	16	static
C:/Users/jimmy/Downloads/warehouse_proj/Core/Src/uart_control.c:207:6:UART_CONTROL_init	8	static
C:/Users/jimmy/Downloads/warehouse_proj/Core/Src/uart_control.c:214:6:UART_CONTROL_update	624	static
C:/Users/jimmy/Downloads/warehouse_proj/Core/Src/uart_control.c:883:6:UART_CONTROL_check_timeout	8	static
C:/Users/jimmy/Downloads/warehouse_proj/Core/Src/uart_control.c:895:18:UART_CONTROL_GetMode	4	static
