C:/Users/jimmy/Downloads/warehouse_proj/Core/Src/uart_control.c:44:6:menu_main	784	static
C:/Users/jimmy/Downloads/warehouse_proj/Core/Src/uart_control.c:75:6:menu_imu	8	static
C:/Users/jimmy/Downloads/warehouse_proj/Core/Src/uart_control.c:86:6:menu_motor	8	static
C:/Users/jimmy/Downloads/warehouse_proj/Core/Src/uart_control.c:103:6:menu_combined	8	static
C:/Users/jimmy/Downloads/warehouse_proj/Core/Src/uart_control.c:119:6:menu_speaker	8	static
C:/Users/jimmy/Downloads/warehouse_proj/Core/Src/uart_control.c:130:6:menu_stepper	8	static
C:/Users/jimmy/Downloads/warehouse_proj/Core/Src/uart_control.c:144:6:menu_normalized	8	static
C:/Users/jimmy/Downloads/warehouse_proj/Core/Src/uart_control.c:152:6:menu_autonomous	8	static
C:/Users/jimmy/Downloads/warehouse_proj/Core/Src/uart_control.c:162:6:menu_servo	8	static
C:/Users/jimmy/Downloads/warehouse_proj/Core/Src/uart_control.c:174:6:menu_voltage	8	static
C:/Users/jimmy/Downloads/warehouse_proj/Core/Src/uart_control.c:181:6:menu_both	8	static
C:/Users/jimmy/Downloads/warehouse_proj/Core/Src/uart_control.c:194:6:menu_uart	8	static
C:/Users/jimmy/Downloads/warehouse_proj/Core/Src/uart_control.c:213:13:UART_SendMessage	16	static
C:/Users/jimmy/Downloads/warehouse_proj/Core/Src/uart_control.c:221:6:UART_CONTROL_init	8	static
C:/Users/jimmy/Downloads/warehouse_proj/Core/Src/uart_control.c:228:6:UART_CONTROL_update	648	static
C:/Users/jimmy/Downloads/warehouse_proj/Core/Src/uart_control.c:957:6:UART_CONTROL_check_timeout	8	static
C:/Users/jimmy/Downloads/warehouse_proj/Core/Src/uart_control.c:969:18:UART_CONTROL_GetMode	4	static
C:/Users/jimmy/Downloads/warehouse_proj/Core/Src/uart_control.c:976:6:DWT_Init	4	static
C:/Users/jimmy/Downloads/warehouse_proj/Core/Src/uart_control.c:986:10:DWT_GetMicros	4	static
C:/Users/jimmy/Downloads/warehouse_proj/Core/Src/uart_control.c:1001:6:Telemetry_Loop_Start	24	static
C:/Users/jimmy/Downloads/warehouse_proj/Core/Src/uart_control.c:1022:6:Telemetry_Loop_End	40	static
C:/Users/jimmy/Downloads/warehouse_proj/Core/Src/uart_control.c:1048:6:UART_Send_Telemetry	40	static
