Archive member included to satisfy reference by file (symbol)

C:/tools/gcc-arm-none-eabi/arm-gnu-toolchain-13.2.Rel1-mingw-w64-i686-arm-none-eabi/bin/../lib/gcc/arm-none-eabi/13.2.1/thumb/v7e-m+fp/hard\libgcc.a(_aeabi_uldivmod.o)
                              cmake/stm32cubemx/CMakeFiles/STM32_Drivers.dir/__/__/Drivers/STM32G4xx_HAL_Driver/Src/stm32g4xx_hal_uart.c.obj (__aeabi_uldivmod)
C:/tools/gcc-arm-none-eabi/arm-gnu-toolchain-13.2.Rel1-mingw-w64-i686-arm-none-eabi/bin/../lib/gcc/arm-none-eabi/13.2.1/thumb/v7e-m+fp/hard\libgcc.a(_udivmoddi4.o)
                              C:/tools/gcc-arm-none-eabi/arm-gnu-toolchain-13.2.Rel1-mingw-w64-i686-arm-none-eabi/bin/../lib/gcc/arm-none-eabi/13.2.1/thumb/v7e-m+fp/hard\libgcc.a(_aeabi_uldivmod.o) (__udivmoddi4)
C:/tools/gcc-arm-none-eabi/arm-gnu-toolchain-13.2.Rel1-mingw-w64-i686-arm-none-eabi/bin/../lib/gcc/arm-none-eabi/13.2.1/thumb/v7e-m+fp/hard\libgcc.a(_dvmd_tls.o)
                              C:/tools/gcc-arm-none-eabi/arm-gnu-toolchain-13.2.Rel1-mingw-w64-i686-arm-none-eabi/bin/../lib/gcc/arm-none-eabi/13.2.1/thumb/v7e-m+fp/hard\libgcc.a(_aeabi_uldivmod.o) (__aeabi_ldiv0)
C:/tools/gcc-arm-none-eabi/arm-gnu-toolchain-13.2.Rel1-mingw-w64-i686-arm-none-eabi/bin/../lib/gcc/arm-none-eabi/13.2.1/thumb/v7e-m+fp/hard\libg_nano.a(libc_a-exit.o)
                              C:/tools/gcc-arm-none-eabi/arm-gnu-toolchain-13.2.Rel1-mingw-w64-i686-arm-none-eabi/bin/../lib/gcc/arm-none-eabi/13.2.1/thumb/v7e-m+fp/hard/crt0.o (exit)
C:/tools/gcc-arm-none-eabi/arm-gnu-toolchain-13.2.Rel1-mingw-w64-i686-arm-none-eabi/bin/../lib/gcc/arm-none-eabi/13.2.1/thumb/v7e-m+fp/hard\libg_nano.a(libc_a-findfp.o)
                              C:/tools/gcc-arm-none-eabi/arm-gnu-toolchain-13.2.Rel1-mingw-w64-i686-arm-none-eabi/bin/../lib/gcc/arm-none-eabi/13.2.1/thumb/v7e-m+fp/hard\libg_nano.a(libc_a-exit.o) (__stdio_exit_handler)
C:/tools/gcc-arm-none-eabi/arm-gnu-toolchain-13.2.Rel1-mingw-w64-i686-arm-none-eabi/bin/../lib/gcc/arm-none-eabi/13.2.1/thumb/v7e-m+fp/hard\libg_nano.a(libc_a-fwalk.o)
                              C:/tools/gcc-arm-none-eabi/arm-gnu-toolchain-13.2.Rel1-mingw-w64-i686-arm-none-eabi/bin/../lib/gcc/arm-none-eabi/13.2.1/thumb/v7e-m+fp/hard\libg_nano.a(libc_a-findfp.o) (_fwalk_sglue)
C:/tools/gcc-arm-none-eabi/arm-gnu-toolchain-13.2.Rel1-mingw-w64-i686-arm-none-eabi/bin/../lib/gcc/arm-none-eabi/13.2.1/thumb/v7e-m+fp/hard\libg_nano.a(libc_a-snprintf.o)
                              CMakeFiles/warehouse_proj.dir/Core/Src/main.c.obj (snprintf)
C:/tools/gcc-arm-none-eabi/arm-gnu-toolchain-13.2.Rel1-mingw-w64-i686-arm-none-eabi/bin/../lib/gcc/arm-none-eabi/13.2.1/thumb/v7e-m+fp/hard\libg_nano.a(libc_a-stdio.o)
                              C:/tools/gcc-arm-none-eabi/arm-gnu-toolchain-13.2.Rel1-mingw-w64-i686-arm-none-eabi/bin/../lib/gcc/arm-none-eabi/13.2.1/thumb/v7e-m+fp/hard\libg_nano.a(libc_a-findfp.o) (__sread)
C:/tools/gcc-arm-none-eabi/arm-gnu-toolchain-13.2.Rel1-mingw-w64-i686-arm-none-eabi/bin/../lib/gcc/arm-none-eabi/13.2.1/thumb/v7e-m+fp/hard\libg_nano.a(libc_a-memset.o)
                              C:/tools/gcc-arm-none-eabi/arm-gnu-toolchain-13.2.Rel1-mingw-w64-i686-arm-none-eabi/bin/../lib/gcc/arm-none-eabi/13.2.1/thumb/v7e-m+fp/hard/crt0.o (memset)
C:/tools/gcc-arm-none-eabi/arm-gnu-toolchain-13.2.Rel1-mingw-w64-i686-arm-none-eabi/bin/../lib/gcc/arm-none-eabi/13.2.1/thumb/v7e-m+fp/hard\libg_nano.a(libc_a-closer.o)
                              C:/tools/gcc-arm-none-eabi/arm-gnu-toolchain-13.2.Rel1-mingw-w64-i686-arm-none-eabi/bin/../lib/gcc/arm-none-eabi/13.2.1/thumb/v7e-m+fp/hard\libg_nano.a(libc_a-stdio.o) (_close_r)
C:/tools/gcc-arm-none-eabi/arm-gnu-toolchain-13.2.Rel1-mingw-w64-i686-arm-none-eabi/bin/../lib/gcc/arm-none-eabi/13.2.1/thumb/v7e-m+fp/hard\libg_nano.a(libc_a-reent.o)
                              C:/tools/gcc-arm-none-eabi/arm-gnu-toolchain-13.2.Rel1-mingw-w64-i686-arm-none-eabi/bin/../lib/gcc/arm-none-eabi/13.2.1/thumb/v7e-m+fp/hard\libg_nano.a(libc_a-closer.o) (errno)
C:/tools/gcc-arm-none-eabi/arm-gnu-toolchain-13.2.Rel1-mingw-w64-i686-arm-none-eabi/bin/../lib/gcc/arm-none-eabi/13.2.1/thumb/v7e-m+fp/hard\libg_nano.a(libc_a-impure.o)
                              C:/tools/gcc-arm-none-eabi/arm-gnu-toolchain-13.2.Rel1-mingw-w64-i686-arm-none-eabi/bin/../lib/gcc/arm-none-eabi/13.2.1/thumb/v7e-m+fp/hard\libg_nano.a(libc_a-snprintf.o) (_impure_ptr)
C:/tools/gcc-arm-none-eabi/arm-gnu-toolchain-13.2.Rel1-mingw-w64-i686-arm-none-eabi/bin/../lib/gcc/arm-none-eabi/13.2.1/thumb/v7e-m+fp/hard\libg_nano.a(libc_a-lseekr.o)
                              C:/tools/gcc-arm-none-eabi/arm-gnu-toolchain-13.2.Rel1-mingw-w64-i686-arm-none-eabi/bin/../lib/gcc/arm-none-eabi/13.2.1/thumb/v7e-m+fp/hard\libg_nano.a(libc_a-stdio.o) (_lseek_r)
C:/tools/gcc-arm-none-eabi/arm-gnu-toolchain-13.2.Rel1-mingw-w64-i686-arm-none-eabi/bin/../lib/gcc/arm-none-eabi/13.2.1/thumb/v7e-m+fp/hard\libg_nano.a(libc_a-readr.o)
[...]
Memory Configuration

Name             Origin             Length             Attributes
RAM              0x20000000         0x00008000         xrw
FLASH            0x08000000         0x00020000         xr
*default*        0x00000000         0xffffffff

Linker script and memory map

LOAD C:/tools/gcc-arm-none-eabi/arm-gnu-toolchain-13.2.Rel1-mingw-w64-i686-arm-none-eabi/bin/../lib/gcc/arm-none-eabi/13.2.1/thumb/v7e-m+fp/hard/crti.o
LOAD C:/tools/gcc-arm-none-eabi/arm-gnu-toolchain-13.2.Rel1-mingw-w64-i686-arm-none-eabi/bin/../lib/gcc/arm-none-eabi/13.2.1/thumb/v7e-m+fp/hard/crtbegin.o
LOAD C:/tools/gcc-arm-none-eabi/arm-gnu-toolchain-13.2.Rel1-mingw-w64-i686-arm-none-eabi/bin/../lib/gcc/arm-none-eabi/13.2.1/thumb/v7e-m+fp/hard/crt0.o
LOAD cmake/stm32cubemx/CMakeFiles/STM32_Drivers.dir/__/__/Core/Src/system_stm32g4xx.c.obj
LOAD cmake/stm32cubemx/CMakeFiles/STM32_Drivers.dir/__/__/Drivers/STM32G4xx_HAL_Driver/Src/stm32g4xx_hal.c.obj
LOAD cmake/stm32cubemx/CMakeFiles/STM32_Drivers.dir/__/__/Drivers/STM32G4xx_HAL_Driver/Src/stm32g4xx_hal_rcc.c.obj
LOAD cmake/stm32cubemx/CMakeFiles/STM32_Drivers.dir/__/__/Drivers/STM32G4xx_HAL_Driver/Src/stm32g4xx_hal_rcc_ex.c.obj
LOAD cmake/stm32cubemx/CMakeFiles/STM32_Drivers.dir/__/__/Drivers/STM32G4xx_HAL_Driver/Src/stm32g4xx_hal_flash.c.obj
LOAD cmake/stm32cubemx/CMakeFiles/STM32_Drivers.dir/__/__/Drivers/STM32G4xx_HAL_Driver/Src/stm32g4xx_hal_flash_ex.c.obj
LOAD cmake/stm32cubemx/CMakeFiles/STM32_Drivers.dir/__/__/Drivers/STM32G4xx_HAL_Driver/Src/stm32g4xx_hal_flash_ramfunc.c.obj
LOAD cmake/stm32cubemx/CMakeFiles/STM32_Drivers.dir/__/__/Drivers/STM32G4xx_HAL_Driver/Src/stm32g4xx_hal_gpio.c.obj
LOAD cmake/stm32cubemx/CMakeFiles/STM32_Drivers.dir/__/__/Drivers/STM32G4xx_HAL_Driver/Src/stm32g4xx_hal_exti.c.obj
LOAD cmake/stm32cubemx/CMakeFiles/STM32_Drivers.dir/__/__/Drivers/STM32G4xx_HAL_Driver/Src/stm32g4xx_hal_dma.c.obj
LOAD cmake/stm32cubemx/CMakeFiles/STM32_Drivers.dir/__/__/Drivers/STM32G4xx_HAL_Driver/Src/stm32g4xx_hal_dma_ex.c.obj
LOAD cmake/stm32cubemx/CMakeFiles/STM32_Drivers.dir/__/__/Drivers/STM32G4xx_HAL_Driver/Src/stm32g4xx_hal_pwr.c.obj
LOAD cmake/stm32cubemx/CMakeFiles/STM32_Drivers.dir/__/__/Drivers/STM32G4xx_HAL_Driver/Src/stm32g4xx_hal_pwr_ex.c.obj
LOAD cmake/stm32cubemx/CMakeFiles/STM32_Drivers.dir/__/__/Drivers/STM32G4xx_HAL_Driver/Src/stm32g4xx_hal_cortex.c.obj
LOAD cmake/stm32cubemx/CMakeFiles/STM32_Drivers.dir/__/__/Drivers/STM32G4xx_HAL_Driver/Src/stm32g4xx_hal_spi.c.obj
LOAD cmake/stm32cubemx/CMakeFiles/STM32_Drivers.dir/__/__/Drivers/STM32G4xx_HAL_Driver/Src/stm32g4xx_hal_spi_ex.c.obj
LOAD cmake/stm32cubemx/CMakeFiles/STM32_Drivers.dir/__/__/Drivers/STM32G4xx_HAL_Driver/Src/stm32g4xx_hal_tim.c.obj
LOAD cmake/stm32cubemx/CMakeFiles/STM32_Drivers.dir/__/__/Drivers/STM32G4xx_HAL_Driver/Src/stm32g4xx_hal_tim_ex.c.obj
LOAD cmake/stm32cubemx/CMakeFiles/STM32_Drivers.dir/__/__/Drivers/STM32G4xx_HAL_Driver/Src/stm32g4xx_hal_usart.c.obj
LOAD cmake/stm32cubemx/CMakeFiles/STM32_Drivers.dir/__/__/Drivers/STM32G4xx_HAL_Driver/Src/stm32g4xx_hal_usart_ex.c.obj
LOAD cmake/stm32cubemx/CMakeFiles/STM32_Drivers.dir/__/__/Drivers/STM32G4xx_HAL_Driver/Src/stm32g4xx_hal_uart_ex.c.obj
LOAD cmake/stm32cubemx/CMakeFiles/STM32_Drivers.dir/__/__/Drivers/STM32G4xx_HAL_Driver/Src/stm32g4xx_hal_uart.c.obj
LOAD cmake/stm32cubemx/CMakeFiles/STM32_Drivers.dir/__/__/Drivers/BSP/STM32G4xx_Nucleo/stm32g4xx_nucleo.c.obj
LOAD CMakeFiles/warehouse_proj.dir/Core/Src/main.c.obj
LOAD CMakeFiles/warehouse_proj.dir/Core/Src/stm32g4xx_it.c.obj
LOAD CMakeFiles/warehouse_proj.dir/Core/Src/stm32g4xx_hal_msp.c.obj
LOAD CMakeFiles/warehouse_proj.dir/Core/Src/sysmem.c.obj
LOAD CMakeFiles/warehouse_proj.dir/Core/Src/syscalls.c.obj
LOAD CMakeFiles/warehouse_proj.dir/startup_stm32g431xx.s.obj
LOAD CMakeFiles/warehouse_proj.dir/Core/Src/MCP3208.c.obj
LOAD CMakeFiles/warehouse_proj.dir/Core/Src/uart_control.c.obj
LOAD CMakeFiles/warehouse_proj.dir/Core/Src/robot.c.obj
LOAD CMakeFiles/warehouse_proj.dir/Core/Src/motor.c.obj
LOAD CMakeFiles/warehouse_proj.dir/Core/Src/encoder.c.obj
LOAD CMakeFiles/warehouse_proj.dir/Core/Src/line_following.c.obj
LOAD CMakeFiles/warehouse_proj.dir/Core/Src/servo.c.obj
LOAD CMakeFiles/warehouse_proj.dir/Core/Src/stepper.c.obj
LOAD CMakeFiles/warehouse_proj.dir/Core/Src/RFID.c.obj
LOAD C:/tools/gcc-arm-none-eabi/arm-gnu-toolchain-13.2.Rel1-mingw-w64-i686-arm-none-eabi/bin/../lib/gcc/arm-none-eabi/13.2.1/thumb/v7e-m+fp/hard\libm.a
START GROUP
LOAD C:/tools/gcc-arm-none-eabi/arm-gnu-toolchain-13.2.Rel1-mingw-w64-i686-arm-none-eabi/bin/../lib/gcc/arm-none-eabi/13.2.1/thumb/v7e-m+fp/hard\libgcc.a
LOAD C:/tools/gcc-arm-none-eabi/arm-gnu-toolchain-13.2.Rel1-mingw-w64-i686-arm-none-eabi/bin/../lib/gcc/arm-none-eabi/13.2.1/thumb/v7e-m+fp/hard\libg_nano.a
LOAD C:/tools/gcc-arm-none-eabi/arm-gnu-toolchain-13.2.Rel1-mingw-w64-i686-arm-none-eabi/bin/../lib/gcc/arm-none-eabi/13.2.1/thumb/v7e-m+fp/hard\libc_nano.a
END GROUP
START GROUP
LOAD C:/tools/gcc-arm-none-eabi/arm-gnu-toolchain-13.2.Rel1-mingw-w64-i686-arm-none-eabi/bin/../lib/gcc/arm-none-eabi/13.2.1/thumb/v7e-m+fp/hard\libgcc.a
LOAD C:/tools/gcc-arm-none-eabi/arm-gnu-toolchain-13.2.Rel1-mingw-w64-i686-arm-none-eabi/bin/../lib/gcc/arm-none-eabi/13.2.1/thumb/v7e-m+fp/hard\libc_nano.a
END GROUP
LOAD C:/tools/gcc-arm-none-eabi/arm-gnu-toolchain-13.2.Rel1-mingw-w64-i686-arm-none-eabi/bin/../lib/gcc/arm-none-eabi/13.2.1/thumb/v7e-m+fp/hard/crtend.o
LOAD C:/tools/gcc-arm-none-eabi/arm-gnu-toolchain-13.2.Rel1-mingw-w64-i686-arm-none-eabi/bin/../lib/gcc/arm-none-eabi/13.2.1/thumb/v7e-m+fp/hard/crtn.o
                0x20008000                        _estack = (ORIGIN (RAM) + LENGTH (RAM))
                0x20007c00                        _sstack = (_estack - _Min_Stack_Size)
                0x00000200                        _Min_Heap_Size = 0x200
                0x00000400                        _Min_Stack_Size = 0x400

.isr_vector     0x08000000      0x1d8
                0x08000000                        . = ALIGN (0x4)
 *(.isr_vector)
 .isr_vector    0x08000000      0x1d8 CMakeFiles/warehouse_proj.dir/startup_stm32g431xx.s.obj
                0x08000000                g_pfnVectors
                0x080001d8                        . = ALIGN (0x4)

.text           0x080001e0     0x7614
                0x080001e0                        . = ALIGN (0x4)
 *(.text)
 .text          0x080001e0       0x30 C:/tools/gcc-arm-none-eabi/arm-gnu-toolchain-13.2.Rel1-mingw-w64-i686-arm-none-eabi/bin/../lib/gcc/arm-none-eabi/13.2.1/thumb/v7e-m+fp/hard\libgcc.a(_aeabi_uldivmod.o)
                0x080001e0                __aeabi_uldivmod
 .text          0x08000210        0x4 C:/tools/gcc-arm-none-eabi/arm-gnu-toolchain-13.2.Rel1-mingw-w64-i686-arm-none-eabi/bin/../lib/gcc/arm-none-eabi/13.2.1/thumb/v7e-m+fp/hard\libgcc.a(_dvmd_tls.o)
                0x08000210                __aeabi_idiv0
                0x08000210                __aeabi_ldiv0
 .text          0x08000214       0x10 C:/tools/gcc-arm-none-eabi/arm-gnu-toolchain-13.2.Rel1-mingw-w64-i686-arm-none-eabi/bin/../lib/gcc/arm-none-eabi/13.2.1/thumb/v7e-m+fp/hard\libg_nano.a(libc_a-strlen.o)
                0x08000214                strlen
 *fill*         0x08000224        0xc 
 .text          0x08000230       0xa0 C:/tools/gcc-arm-none-eabi/arm-gnu-toolchain-13.2.Rel1-mingw-w64-i686-arm-none-eabi/bin/../lib/gcc/arm-none-eabi/13.2.1/thumb/v7e-m+fp/hard\libg_nano.a(libc_a-memchr.o)
                0x08000230                memchr
 *(.text*)
 .text.deregister_tm_clones
                0x080002d0       0x1c C:/tools/gcc-arm-none-eabi/arm-gnu-toolchain-13.2.Rel1-mingw-w64-i686-arm-none-eabi/bin/../lib/gcc/arm-none-eabi/13.2.1/thumb/v7e-m+fp/hard/crtbegin.o
 .text.register_tm_clones
                0x080002ec       0x24 C:/tools/gcc-arm-none-eabi/arm-gnu-toolchain-13.2.Rel1-mingw-w64-i686-arm-none-eabi/bin/../lib/gcc/arm-none-eabi/13.2.1/thumb/v7e-m+fp/hard/crtbegin.o
 .text.__do_global_dtors_aux
                0x08000310       0x28 C:/tools/gcc-arm-none-eabi/arm-gnu-toolchain-13.2.Rel1-mingw-w64-i686-arm-none-eabi/bin/../lib/gcc/arm-none-eabi/13.2.1/thumb/v7e-m+fp/hard/crtbegin.o
 .text.frame_dummy
                0x08000338       0x24 C:/tools/gcc-arm-none-eabi/arm-gnu-toolchain-13.2.Rel1-mingw-w64-i686-arm-none-eabi/bin/../lib/gcc/arm-none-eabi/13.2.1/thumb/v7e-m+fp/hard/crtbegin.o
 .text.SystemInit
                0x0800035c       0x24 cmake/stm32cubemx/CMakeFiles/STM32_Drivers.dir/__/__/Core/Src/system_stm32g4xx.c.obj
                0x0800035c                SystemInit
 .text.HAL_Init
                0x08000380       0x30 cmake/stm32cubemx/CMakeFiles/STM32_Drivers.dir/__/__/Drivers/STM32G4xx_HAL_Driver/Src/stm32g4xx_hal.c.obj
                0x08000380                HAL_Init
 .text.HAL_InitTick
                0x080003b0       0x74 cmake/stm32cubemx/CMakeFiles/STM32_Drivers.dir/__/__/Drivers/STM32G4xx_HAL_Driver/Src/stm32g4xx_hal.c.obj
                0x080003b0                HAL_InitTick
 .text.HAL_IncTick
                0x08000424       0x24 cmake/stm32cubemx/CMakeFiles/STM32_Drivers.dir/__/__/Drivers/STM32G4xx_HAL_Driver/Src/stm32g4xx_hal.c.obj
                0x08000424                HAL_IncTick
 .text.HAL_GetTick
                0x08000448       0x18 cmake/stm32cubemx/CMakeFiles/STM32_Drivers.dir/__/__/Drivers/STM32G4xx_HAL_Driver/Src/stm32g4xx_hal.c.obj
                0x08000448                HAL_GetTick
 .text.HAL_Delay
                0x08000460       0x44 cmake/stm32cubemx/CMakeFiles/STM32_Drivers.dir/__/__/Drivers/STM32G4xx_HAL_Driver/Src/stm32g4xx_hal.c.obj
                0x08000460                HAL_Delay
 .text.HAL_RCC_OscConfig
                0x080004a4      0x624 cmake/stm32cubemx/CMakeFiles/STM32_Drivers.dir/__/__/Drivers/STM32G4xx_HAL_Driver/Src/stm32g4xx_hal_rcc.c.obj
                0x080004a4                HAL_RCC_OscConfig
 .text.HAL_RCC_ClockConfig
                0x08000ac8      0x278 cmake/stm32cubemx/CMakeFiles/STM32_Drivers.dir/__/__/Drivers/STM32G4xx_HAL_Driver/Src/stm32g4xx_hal_rcc.c.obj
                0x08000ac8                HAL_RCC_ClockConfig
 .text.HAL_RCC_GetSysClockFreq
                0x08000d40       0xc4 cmake/stm32cubemx/CMakeFiles/STM32_Drivers.dir/__/__/Drivers/STM32G4xx_HAL_Driver/Src/stm32g4xx_hal_rcc.c.obj
                0x08000d40                HAL_RCC_GetSysClockFreq
 .text.HAL_RCC_GetHCLKFreq
                0x08000e04       0x18 cmake/stm32cubemx/CMakeFiles/STM32_Drivers.dir/__/__/Drivers/STM32G4xx_HAL_Driver/Src/stm32g4xx_hal_rcc.c.obj
                0x08000e04                HAL_RCC_GetHCLKFreq
 .text.HAL_RCC_GetPCLK1Freq
                0x08000e1c       0x2c cmake/stm32cubemx/CMakeFiles/STM32_Drivers.dir/__/__/Drivers/STM32G4xx_HAL_Driver/Src/stm32g4xx_hal_rcc.c.obj
                0x08000e1c                HAL_RCC_GetPCLK1Freq
 .text.HAL_RCC_GetPCLK2Freq
                0x08000e48       0x2c cmake/stm32cubemx/CMakeFiles/STM32_Drivers.dir/__/__/Drivers/STM32G4xx_HAL_Driver/Src/stm32g4xx_hal_rcc.c.obj
                0x08000e48                HAL_RCC_GetPCLK2Freq
 .text.RCC_GetSysClockFreqFromPLLSource
                0x08000e74       0x8c cmake/stm32cubemx/CMakeFiles/STM32_Drivers.dir/__/__/Drivers/STM32G4xx_HAL_Driver/Src/stm32g4xx_hal_rcc.c.obj
 .text.HAL_GPIO_Init
                0x08000f00      0x318 cmake/stm32cubemx/CMakeFiles/STM32_Drivers.dir/__/__/Drivers/STM32G4xx_HAL_Driver/Src/stm32g4xx_hal_gpio.c.obj
                0x08000f00                HAL_GPIO_Init
 .text.HAL_GPIO_WritePin
                0x08001218       0x30 cmake/stm32cubemx/CMakeFiles/STM32_Drivers.dir/__/__/Drivers/STM32G4xx_HAL_Driver/Src/stm32g4xx_hal_gpio.c.obj
                0x08001218                HAL_GPIO_WritePin
 .text.HAL_GPIO_TogglePin
                0x08001248       0x34 cmake/stm32cubemx/CMakeFiles/STM32_Drivers.dir/__/__/Drivers/STM32G4xx_HAL_Driver/Src/stm32g4xx_hal_gpio.c.obj
                0x08001248                HAL_GPIO_TogglePin
 .text.HAL_PWREx_ControlVoltageScaling
                0x0800127c      0x148 cmake/stm32cubemx/CMakeFiles/STM32_Drivers.dir/__/__/Drivers/STM32G4xx_HAL_Driver/Src/stm32g4xx_hal_pwr_ex.c.obj
                0x0800127c                HAL_PWREx_ControlVoltageScaling
 .text.HAL_PWREx_DisableUCPDDeadBattery
                0x080013c4       0x20 cmake/stm32cubemx/CMakeFiles/STM32_Drivers.dir/__/__/Drivers/STM32G4xx_HAL_Driver/Src/stm32g4xx_hal_pwr_ex.c.obj
                0x080013c4                HAL_PWREx_DisableUCPDDeadBattery
 .text.__NVIC_SetPriorityGrouping
                0x080013e4       0x48 cmake/stm32cubemx/CMakeFiles/STM32_Drivers.dir/__/__/Drivers/STM32G4xx_HAL_Driver/Src/stm32g4xx_hal_cortex.c.obj
 .text.__NVIC_GetPriorityGrouping
                0x0800142c       0x1c cmake/stm32cubemx/CMakeFiles/STM32_Drivers.dir/__/__/Drivers/STM32G4xx_HAL_Driver/Src/stm32g4xx_hal_cortex.c.obj
 .text.__NVIC_SetPriority
                0x08001448       0x54 cmake/stm32cubemx/CMakeFiles/STM32_Drivers.dir/__/__/Drivers/STM32G4xx_HAL_Driver/Src/stm32g4xx_hal_cortex.c.obj
 .text.NVIC_EncodePriority
                0x0800149c       0x66 cmake/stm32cubemx/CMakeFiles/STM32_Drivers.dir/__/__/Drivers/STM32G4xx_HAL_Driver/Src/stm32g4xx_hal_cortex.c.obj
 *fill*         0x08001502        0x2 
 .text.SysTick_Config
                0x08001504       0x44 cmake/stm32cubemx/CMakeFiles/STM32_Drivers.dir/__/__/Drivers/STM32G4xx_HAL_Driver/Src/stm32g4xx_hal_cortex.c.obj
 .text.HAL_NVIC_SetPriorityGrouping
                0x08001548       0x16 cmake/stm32cubemx/CMakeFiles/STM32_Drivers.dir/__/__/Drivers/STM32G4xx_HAL_Driver/Src/stm32g4xx_hal_cortex.c.obj
                0x08001548                HAL_NVIC_SetPriorityGrouping
 .text.HAL_NVIC_SetPriority
                0x0800155e       0x34 cmake/stm32cubemx/CMakeFiles/STM32_Drivers.dir/__/__/Drivers/STM32G4xx_HAL_Driver/Src/stm32g4xx_hal_cortex.c.obj
                0x0800155e                HAL_NVIC_SetPriority
 .text.HAL_SYSTICK_Config
                0x08001592       0x18 cmake/stm32cubemx/CMakeFiles/STM32_Drivers.dir/__/__/Drivers/STM32G4xx_HAL_Driver/Src/stm32g4xx_hal_cortex.c.obj
                0x08001592                HAL_SYSTICK_Config
 .text.HAL_SPI_Init
                0x080015aa      0x156 cmake/stm32cubemx/CMakeFiles/STM32_Drivers.dir/__/__/Drivers/STM32G4xx_HAL_Driver/Src/stm32g4xx_hal_spi.c.obj
                0x080015aa                HAL_SPI_Init
 .text.HAL_SPI_TransmitReceive
                0x08001700      0x43e cmake/stm32cubemx/CMakeFiles/STM32_Drivers.dir/__/__/Drivers/STM32G4xx_HAL_Driver/Src/stm32g4xx_hal_spi.c.obj
                0x08001700                HAL_SPI_TransmitReceive
 *fill*         0x08001b3e        0x2 
 .text.SPI_WaitFlagStateUntilTimeout
                0x08001b40      0x110 cmake/stm32cubemx/CMakeFiles/STM32_Drivers.dir/__/__/Drivers/STM32G4xx_HAL_Driver/Src/stm32g4xx_hal_spi.c.obj
 .text.SPI_WaitFifoStateUntilTimeout
                0x08001c50      0x12c cmake/stm32cubemx/CMakeFiles/STM32_Drivers.dir/__/__/Drivers/STM32G4xx_HAL_Driver/Src/stm32g4xx_hal_spi.c.obj
 .text.SPI_EndRxTxTransaction
                0x08001d7c       0x8c cmake/stm32cubemx/CMakeFiles/STM32_Drivers.dir/__/__/Drivers/STM32G4xx_HAL_Driver/Src/stm32g4xx_hal_spi.c.obj
 .text.HAL_TIM_Base_Init
                0x08001e08       0xae cmake/stm32cubemx/CMakeFiles/STM32_Drivers.dir/__/__/Drivers/STM32G4xx_HAL_Driver/Src/stm32g4xx_hal_tim.c.obj
                0x08001e08                HAL_TIM_Base_Init
 .text.HAL_TIM_PWM_Init
                0x08001eb6       0xae cmake/stm32cubemx/CMakeFiles/STM32_Drivers.dir/__/__/Drivers/STM32G4xx_HAL_Driver/Src/stm32g4xx_hal_tim.c.obj
                0x08001eb6                HAL_TIM_PWM_Init
 .text.HAL_TIM_PWM_Start
                0x08001f64      0x200 cmake/stm32cubemx/CMakeFiles/STM32_Drivers.dir/__/__/Drivers/STM32G4xx_HAL_Driver/Src/stm32g4xx_hal_tim.c.obj
                0x08001f64                HAL_TIM_PWM_Start
 .text.HAL_TIM_PWM_Stop
                0x08002164      0x130 cmake/stm32cubemx/CMakeFiles/STM32_Drivers.dir/__/__/Drivers/STM32G4xx_HAL_Driver/Src/stm32g4xx_hal_tim.c.obj
                0x08002164                HAL_TIM_PWM_Stop
 .text.HAL_TIM_PWM_ConfigChannel
                0x08002294      0x228 cmake/stm32cubemx/CMakeFiles/STM32_Drivers.dir/__/__/Drivers/STM32G4xx_HAL_Driver/Src/stm32g4xx_hal_tim.c.obj
                0x08002294                HAL_TIM_PWM_ConfigChannel
 .text.TIM_Base_SetConfig
                0x080024bc      0x12c cmake/stm32cubemx/CMakeFiles/STM32_Drivers.dir/__/__/Drivers/STM32G4xx_HAL_Driver/Src/stm32g4xx_hal_tim.c.obj
                0x080024bc                TIM_Base_SetConfig
 .text.TIM_OC1_SetConfig
                0x080025e8      0x124 cmake/stm32cubemx/CMakeFiles/STM32_Drivers.dir/__/__/Drivers/STM32G4xx_HAL_Driver/Src/stm32g4xx_hal_tim.c.obj
 .text.TIM_OC2_SetConfig
                0x0800270c      0x118 cmake/stm32cubemx/CMakeFiles/STM32_Drivers.dir/__/__/Drivers/STM32G4xx_HAL_Driver/Src/stm32g4xx_hal_tim.c.obj
                0x0800270c                TIM_OC2_SetConfig
 .text.TIM_OC3_SetConfig
                0x08002824      0x114 cmake/stm32cubemx/CMakeFiles/STM32_Drivers.dir/__/__/Drivers/STM32G4xx_HAL_Driver/Src/stm32g4xx_hal_tim.c.obj
 .text.TIM_OC4_SetConfig
                0x08002938      0x118 cmake/stm32cubemx/CMakeFiles/STM32_Drivers.dir/__/__/Drivers/STM32G4xx_HAL_Driver/Src/stm32g4xx_hal_tim.c.obj
 .text.TIM_OC5_SetConfig
                0x08002a50       0xc8 cmake/stm32cubemx/CMakeFiles/STM32_Drivers.dir/__/__/Drivers/STM32G4xx_HAL_Driver/Src/stm32g4xx_hal_tim.c.obj
 .text.TIM_OC6_SetConfig
                0x08002b18       0xcc cmake/stm32cubemx/CMakeFiles/STM32_Drivers.dir/__/__/Drivers/STM32G4xx_HAL_Driver/Src/stm32g4xx_hal_tim.c.obj
 .text.TIM_CCxChannelCmd
                0x08002be4       0x4a cmake/stm32cubemx/CMakeFiles/STM32_Drivers.dir/__/__/Drivers/STM32G4xx_HAL_Driver/Src/stm32g4xx_hal_tim.c.obj
                0x08002be4                TIM_CCxChannelCmd
 *fill*         0x08002c2e        0x2 
 .text.HAL_TIMEx_MasterConfigSynchronization
                0x08002c30      0x104 cmake/stm32cubemx/CMakeFiles/STM32_Drivers.dir/__/__/Drivers/STM32G4xx_HAL_Driver/Src/stm32g4xx_hal_tim_ex.c.obj
                0x08002c30                HAL_TIMEx_MasterConfigSynchronization
 .text.HAL_TIMEx_ConfigBreakDeadTime
                0x08002d34      0x118 cmake/stm32cubemx/CMakeFiles/STM32_Drivers.dir/__/__/Drivers/STM32G4xx_HAL_Driver/Src/stm32g4xx_hal_tim_ex.c.obj
                0x08002d34                HAL_TIMEx_ConfigBreakDeadTime
 .text.HAL_UART_Init
                0x08002e4c       0xa0 cmake/stm32cubemx/CMakeFiles/STM32_Drivers.dir/__/__/Drivers/STM32G4xx_HAL_Driver/Src/stm32g4xx_hal_uart.c.obj
                0x08002e4c                HAL_UART_Init
 .text.HAL_UART_MspInit
                0x08002eec       0x14 cmake/stm32cubemx/CMakeFiles/STM32_Drivers.dir/__/__/Drivers/STM32G4xx_HAL_Driver/Src/stm32g4xx_hal_uart.c.obj
                0x08002eec                HAL_UART_MspInit
 .text.HAL_UART_Transmit
                0x08002f00      0x132 cmake/stm32cubemx/CMakeFiles/STM32_Drivers.dir/__/__/Drivers/STM32G4xx_HAL_Driver/Src/stm32g4xx_hal_uart.c.obj
                0x08002f00                HAL_UART_Transmit
 .text.HAL_UART_Receive
                0x08003032      0x1a0 cmake/stm32cubemx/CMakeFiles/STM32_Drivers.dir/__/__/Drivers/STM32G4xx_HAL_Driver/Src/stm32g4xx_hal_uart.c.obj
                0x08003032                HAL_UART_Receive
 *fill*         0x080031d2        0x2 
 .text.UART_SetConfig
                0x080031d4      0x598 cmake/stm32cubemx/CMakeFiles/STM32_Drivers.dir/__/__/Drivers/STM32G4xx_HAL_Driver/Src/stm32g4xx_hal_uart.c.obj
                0x080031d4                UART_SetConfig
 .text.UART_AdvFeatureConfig
                0x0800376c      0x144 cmake/stm32cubemx/CMakeFiles/STM32_Drivers.dir/__/__/Drivers/STM32G4xx_HAL_Driver/Src/stm32g4xx_hal_uart.c.obj
                0x0800376c                UART_AdvFeatureConfig
 .text.UART_CheckIdleState
                0x080038b0      0x154 cmake/stm32cubemx/CMakeFiles/STM32_Drivers.dir/__/__/Drivers/STM32G4xx_HAL_Driver/Src/stm32g4xx_hal_uart.c.obj
                0x080038b0                UART_CheckIdleState
 .text.UART_WaitOnFlagUntilTimeout
                0x08003a04       0xda cmake/stm32cubemx/CMakeFiles/STM32_Drivers.dir/__/__/Drivers/STM32G4xx_HAL_Driver/Src/stm32g4xx_hal_uart.c.obj
                0x08003a04                UART_WaitOnFlagUntilTimeout
 .text.UART_EndRxTransfer
                0x08003ade       0xcc cmake/stm32cubemx/CMakeFiles/STM32_Drivers.dir/__/__/Drivers/STM32G4xx_HAL_Driver/Src/stm32g4xx_hal_uart.c.obj
 *fill*         0x08003baa        0x2 
 .text.BSP_LED_Init
                0x08003bac       0x70 cmake/stm32cubemx/CMakeFiles/STM32_Drivers.dir/__/__/Drivers/BSP/STM32G4xx_Nucleo/stm32g4xx_nucleo.c.obj
                0x08003bac                BSP_LED_Init
 .text.BSP_COM_Init
                0x08003c1c       0x60 cmake/stm32cubemx/CMakeFiles/STM32_Drivers.dir/__/__/Drivers/BSP/STM32G4xx_Nucleo/stm32g4xx_nucleo.c.obj
                0x08003c1c                BSP_COM_Init
 .text.MX_LPUART1_Init
                0x08003c7c       0x64 cmake/stm32cubemx/CMakeFiles/STM32_Drivers.dir/__/__/Drivers/BSP/STM32G4xx_Nucleo/stm32g4xx_nucleo.c.obj
                0x08003c7c                MX_LPUART1_Init
 .text.COM1_MspInit
                0x08003ce0       0x98 cmake/stm32cubemx/CMakeFiles/STM32_Drivers.dir/__/__/Drivers/BSP/STM32G4xx_Nucleo/stm32g4xx_nucleo.c.obj
 .text.main     0x08003d78       0xfc CMakeFiles/warehouse_proj.dir/Core/Src/main.c.obj
                0x08003d78                main
 .text.SystemClock_Config
                0x08003e74       0x96 CMakeFiles/warehouse_proj.dir/Core/Src/main.c.obj
                0x08003e74                SystemClock_Config
 *fill*         0x08003f0a        0x2 
 .text.MX_SPI1_Init
                0x08003f0c       0x7c CMakeFiles/warehouse_proj.dir/Core/Src/main.c.obj
 .text.MX_TIM1_Init
                0x08003f88      0x128 CMakeFiles/warehouse_proj.dir/Core/Src/main.c.obj
 .text.MX_TIM2_Init
                0x080040b0       0xb4 CMakeFiles/warehouse_proj.dir/Core/Src/main.c.obj
 .text.MX_TIM3_Init
                0x08004164       0xb4 CMakeFiles/warehouse_proj.dir/Core/Src/main.c.obj
 .text.MX_TIM4_Init
                0x08004218       0xb4 CMakeFiles/warehouse_proj.dir/Core/Src/main.c.obj
 .text.MX_TIM16_Init
                0x080042cc       0x4c CMakeFiles/warehouse_proj.dir/Core/Src/main.c.obj
 .text.MX_TIM17_Init
                0x08004318       0xf4 CMakeFiles/warehouse_proj.dir/Core/Src/main.c.obj
 .text.MX_GPIO_Init
                0x0800440c      0x114 CMakeFiles/warehouse_proj.dir/Core/Src/main.c.obj
 .text.Error_Handler
                0x08004520       0x7c CMakeFiles/warehouse_proj.dir/Core/Src/main.c.obj
                0x08004520                Error_Handler
 .text.NMI_Handler
                0x0800459c        0x8 CMakeFiles/warehouse_proj.dir/Core/Src/stm32g4xx_it.c.obj
                0x0800459c                NMI_Handler
 .text.HardFault_Handler
                0x080045a4        0x8 CMakeFiles/warehouse_proj.dir/Core/Src/stm32g4xx_it.c.obj
                0x080045a4                HardFault_Handler
 .text.MemManage_Handler
                0x080045ac        0x8 CMakeFiles/warehouse_proj.dir/Core/Src/stm32g4xx_it.c.obj
                0x080045ac                MemManage_Handler
 .text.BusFault_Handler
                0x080045b4        0x8 CMakeFiles/warehouse_proj.dir/Core/Src/stm32g4xx_it.c.obj
                0x080045b4                BusFault_Handler
 .text.UsageFault_Handler
                0x080045bc        0x8 CMakeFiles/warehouse_proj.dir/Core/Src/stm32g4xx_it.c.obj
                0x080045bc                UsageFault_Handler
 .text.SVC_Handler
                0x080045c4        0xe CMakeFiles/warehouse_proj.dir/Core/Src/stm32g4xx_it.c.obj
                0x080045c4                SVC_Handler
 .text.DebugMon_Handler
                0x080045d2        0xe CMakeFiles/warehouse_proj.dir/Core/Src/stm32g4xx_it.c.obj
                0x080045d2                DebugMon_Handler
 .text.PendSV_Handler
                0x080045e0        0xe CMakeFiles/warehouse_proj.dir/Core/Src/stm32g4xx_it.c.obj
                0x080045e0                PendSV_Handler
 .text.SysTick_Handler
                0x080045ee        0xc CMakeFiles/warehouse_proj.dir/Core/Src/stm32g4xx_it.c.obj
                0x080045ee                SysTick_Handler
 *fill*         0x080045fa        0x2 
 .text.HAL_MspInit
                0x080045fc       0x48 CMakeFiles/warehouse_proj.dir/Core/Src/stm32g4xx_hal_msp.c.obj
                0x080045fc                HAL_MspInit
 .text.HAL_SPI_MspInit
                0x08004644       0x88 CMakeFiles/warehouse_proj.dir/Core/Src/stm32g4xx_hal_msp.c.obj
                0x08004644                HAL_SPI_MspInit
 .text.HAL_TIM_PWM_MspInit
                0x080046cc       0xb4 CMakeFiles/warehouse_proj.dir/Core/Src/stm32g4xx_hal_msp.c.obj
                0x080046cc                HAL_TIM_PWM_MspInit
 .text.HAL_TIM_Base_MspInit
                0x08004780       0x68 CMakeFiles/warehouse_proj.dir/Core/Src/stm32g4xx_hal_msp.c.obj
                0x08004780                HAL_TIM_Base_MspInit
 .text.HAL_TIM_MspPostInit
                0x080047e8      0x194 CMakeFiles/warehouse_proj.dir/Core/Src/stm32g4xx_hal_msp.c.obj
                0x080047e8                HAL_TIM_MspPostInit
 .text._sbrk    0x0800497c       0x6c CMakeFiles/warehouse_proj.dir/Core/Src/sysmem.c.obj
                0x0800497c                _sbrk
 .text.Reset_Handler
                0x080049e8       0x50 CMakeFiles/warehouse_proj.dir/startup_stm32g431xx.s.obj
                0x080049e8                Reset_Handler
 .text.Default_Handler
                0x08004a38        0x2 CMakeFiles/warehouse_proj.dir/startup_stm32g431xx.s.obj
                0x08004a38                RTC_Alarm_IRQHandler
                0x08004a38                EXTI2_IRQHandler
                0x08004a38                TIM8_TRG_COM_IRQHandler
                0x08004a38                TIM8_CC_IRQHandler
                0x08004a38                TIM1_CC_IRQHandler
                0x08004a38                USB_HP_IRQHandler
                0x08004a38                CORDIC_IRQHandler
                0x08004a38                EXTI3_IRQHandler
                0x08004a38                I2C3_ER_IRQHandler
                0x08004a38                EXTI0_IRQHandler
                0x08004a38                I2C2_EV_IRQHandler
                0x08004a38                FPU_IRQHandler
                0x08004a38                FDCAN1_IT1_IRQHandler
                0x08004a38                TIM1_UP_TIM16_IRQHandler
                0x08004a38                ADC1_2_IRQHandler
                0x08004a38                SPI1_IRQHandler
                0x08004a38                TIM6_DAC_IRQHandler
                0x08004a38                TIM8_UP_IRQHandler
                0x08004a38                DMA2_Channel2_IRQHandler
                0x08004a38                DMA1_Channel4_IRQHandler
                0x08004a38                USART3_IRQHandler
                0x08004a38                TIM4_IRQHandler
                0x08004a38                DMA2_Channel1_IRQHandler
                0x08004a38                I2C1_EV_IRQHandler
                0x08004a38                DMA1_Channel6_IRQHandler
                0x08004a38                UART4_IRQHandler
                0x08004a38                DMA2_Channel4_IRQHandler
                0x08004a38                TIM3_IRQHandler
                0x08004a38                RCC_IRQHandler
                0x08004a38                DMA1_Channel1_IRQHandler
                0x08004a38                Default_Handler
                0x08004a38                RTC_TAMP_LSECSS_IRQHandler
                0x08004a38                FMAC_IRQHandler
                0x08004a38                EXTI15_10_IRQHandler
                0x08004a38                TIM7_IRQHandler
                0x08004a38                UCPD1_IRQHandler
                0x08004a38                I2C3_EV_IRQHandler
                0x08004a38                EXTI9_5_IRQHandler
                0x08004a38                RTC_WKUP_IRQHandler
                0x08004a38                PVD_PVM_IRQHandler
                0x08004a38                SPI2_IRQHandler
                0x08004a38                DMA2_Channel5_IRQHandler
                0x08004a38                CRS_IRQHandler
                0x08004a38                DMA1_Channel5_IRQHandler
                0x08004a38                USB_LP_IRQHandler
                0x08004a38                EXTI4_IRQHandler
                0x08004a38                RNG_IRQHandler
                0x08004a38                TIM1_TRG_COM_TIM17_IRQHandler
                0x08004a38                DMA1_Channel3_IRQHandler
                0x08004a38                WWDG_IRQHandler
                0x08004a38                LPUART1_IRQHandler
                0x08004a38                DMA2_Channel6_IRQHandler
                0x08004a38                FDCAN1_IT0_IRQHandler
                0x08004a38                TIM2_IRQHandler
                0x08004a38                COMP1_2_3_IRQHandler
                0x08004a38                EXTI1_IRQHandler
                0x08004a38                USART2_IRQHandler
                0x08004a38                I2C2_ER_IRQHandler
                0x08004a38                DMA1_Channel2_IRQHandler
                0x08004a38                TIM8_BRK_IRQHandler
                0x08004a38                FLASH_IRQHandler
                0x08004a38                USART1_IRQHandler
                0x08004a38                SPI3_IRQHandler
                0x08004a38                I2C1_ER_IRQHandler
                0x08004a38                LPTIM1_IRQHandler
                0x08004a38                DMAMUX_OVR_IRQHandler
                0x08004a38                USBWakeUp_IRQHandler
                0x08004a38                SAI1_IRQHandler
                0x08004a38                DMA2_Channel3_IRQHandler
                0x08004a38                COMP4_IRQHandler
                0x08004a38                TIM1_BRK_TIM15_IRQHandler
 .text.MCP3208_ReadChannel
                0x08004a3a       0xf6 CMakeFiles/warehouse_proj.dir/Core/Src/MCP3208.c.obj
                0x08004a3a                MCP3208_ReadChannel
 .text.menu_main
                0x08004b30       0x58 CMakeFiles/warehouse_proj.dir/Core/Src/uart_control.c.obj
                0x08004b30                menu_main
 .text.menu_motor
                0x08004b88       0x14 CMakeFiles/warehouse_proj.dir/Core/Src/uart_control.c.obj
                0x08004b88                menu_motor
 .text.menu_combined
                0x08004b9c       0x14 CMakeFiles/warehouse_proj.dir/Core/Src/uart_control.c.obj
                0x08004b9c                menu_combined
 .text.menu_speaker
                0x08004bb0       0x14 CMakeFiles/warehouse_proj.dir/Core/Src/uart_control.c.obj
                0x08004bb0                menu_speaker
 .text.menu_stepper
                0x08004bc4       0x14 CMakeFiles/warehouse_proj.dir/Core/Src/uart_control.c.obj
                0x08004bc4                menu_stepper
 .text.menu_normalized
                0x08004bd8       0x14 CMakeFiles/warehouse_proj.dir/Core/Src/uart_control.c.obj
                0x08004bd8                menu_normalized
 .text.menu_autonomous
                0x08004bec       0x14 CMakeFiles/warehouse_proj.dir/Core/Src/uart_control.c.obj
                0x08004bec                menu_autonomous
 .text.menu_servo
                0x08004c00       0x14 CMakeFiles/warehouse_proj.dir/Core/Src/uart_control.c.obj
                0x08004c00                menu_servo
 .text.menu_voltage
                0x08004c14       0x14 CMakeFiles/warehouse_proj.dir/Core/Src/uart_control.c.obj
                0x08004c14                menu_voltage
 .text.menu_both
                0x08004c28       0x14 CMakeFiles/warehouse_proj.dir/Core/Src/uart_control.c.obj
                0x08004c28                menu_both
 .text.UART_SendMessage
                0x08004c3c       0x2c CMakeFiles/warehouse_proj.dir/Core/Src/uart_control.c.obj
 .text.UART_CONTROL_init
                0x08004c68       0x20 CMakeFiles/warehouse_proj.dir/Core/Src/uart_control.c.obj
                0x08004c68                UART_CONTROL_init
 .text.UART_CONTROL_update
                0x08004c88     0x1094 CMakeFiles/warehouse_proj.dir/Core/Src/uart_control.c.obj
                0x08004c88                UART_CONTROL_update
 .text.UART_CONTROL_check_timeout
                0x08005d1c       0x4c CMakeFiles/warehouse_proj.dir/Core/Src/uart_control.c.obj
                0x08005d1c                UART_CONTROL_check_timeout
 .text.UART_CONTROL_GetMode
                0x08005d68       0x18 CMakeFiles/warehouse_proj.dir/Core/Src/uart_control.c.obj
                0x08005d68                UART_CONTROL_GetMode
 .text.Robot_Init
                0x08005d80       0x28 CMakeFiles/warehouse_proj.dir/Core/Src/robot.c.obj
                0x08005d80                Robot_Init
 .text.Robot_SetState
                0x08005da8       0xe8 CMakeFiles/warehouse_proj.dir/Core/Src/robot.c.obj
                0x08005da8                Robot_SetState
 .text.Robot_Update
                0x08005e90       0x18 CMakeFiles/warehouse_proj.dir/Core/Src/robot.c.obj
                0x08005e90                Robot_Update
 .text.Robot_GetState
                0x08005ea8       0x18 CMakeFiles/warehouse_proj.dir/Core/Src/robot.c.obj
                0x08005ea8                Robot_GetState
 .text.Motor_Init
                0x08005ec0       0x34 CMakeFiles/warehouse_proj.dir/Core/Src/motor.c.obj
                0x08005ec0                Motor_Init
 .text.Motor_SetStandby
                0x08005ef4       0x26 CMakeFiles/warehouse_proj.dir/Core/Src/motor.c.obj
                0x08005ef4                Motor_SetStandby
 *fill*         0x08005f1a        0x2 
 .text.Motor_Right_SetSpeed
                0x08005f1c       0xb0 CMakeFiles/warehouse_proj.dir/Core/Src/motor.c.obj
                0x08005f1c                Motor_Right_SetSpeed
 .text.Motor_Left_SetSpeed
                0x08005fcc       0xb0 CMakeFiles/warehouse_proj.dir/Core/Src/motor.c.obj
                0x08005fcc                Motor_Left_SetSpeed
 .text.Motor_Forward
                0x0800607c       0x36 CMakeFiles/warehouse_proj.dir/Core/Src/motor.c.obj
                0x0800607c                Motor_Forward
 .text.Motor_Reverse
                0x080060b2       0x36 CMakeFiles/warehouse_proj.dir/Core/Src/motor.c.obj
                0x080060b2                Motor_Reverse
 .text.Motor_Stop
                0x080060e8       0x14 CMakeFiles/warehouse_proj.dir/Core/Src/motor.c.obj
                0x080060e8                Motor_Stop
 .text.Motor_Brake
                0x080060fc       0x50 CMakeFiles/warehouse_proj.dir/Core/Src/motor.c.obj
                0x080060fc                Motor_Brake
 .text.Encoder_InitDevice
                0x0800614c       0x74 CMakeFiles/warehouse_proj.dir/Core/Src/encoder.c.obj
                0x0800614c                Encoder_InitDevice
 .text.Encoder_UpdateDevice
                0x080061c0       0x3c CMakeFiles/warehouse_proj.dir/Core/Src/encoder.c.obj
                0x080061c0                Encoder_UpdateDevice
 .text.Encoder_Init
                0x080061fc       0x28 CMakeFiles/warehouse_proj.dir/Core/Src/encoder.c.obj
                0x080061fc                Encoder_Init
 .text.Encoder_Update
                0x08006224       0x44 CMakeFiles/warehouse_proj.dir/Core/Src/encoder.c.obj
                0x08006224                Encoder_Update
 .text.Encoder_GetLeftTotal
                0x08006268       0x18 CMakeFiles/warehouse_proj.dir/Core/Src/encoder.c.obj
                0x08006268                Encoder_GetLeftTotal
 .text.Encoder_GetRightTotal
                0x08006280       0x18 CMakeFiles/warehouse_proj.dir/Core/Src/encoder.c.obj
                0x08006280                Encoder_GetRightTotal
 .text.Robot_LineFollow_Update
                0x08006298      0x4f4 CMakeFiles/warehouse_proj.dir/Core/Src/line_following.c.obj
                0x08006298                Robot_LineFollow_Update
 .text.update_compare_value
                0x0800678c       0x58 CMakeFiles/warehouse_proj.dir/Core/Src/servo.c.obj
 .text.servo_init
                0x080067e4       0x58 CMakeFiles/warehouse_proj.dir/Core/Src/servo.c.obj
                0x080067e4                servo_init
 .text.Servo_SetAngle
                0x0800683c       0x64 CMakeFiles/warehouse_proj.dir/Core/Src/servo.c.obj
                0x0800683c                Servo_SetAngle
 .text.Servo_Update
                0x080068a0      0x180 CMakeFiles/warehouse_proj.dir/Core/Src/servo.c.obj
                0x080068a0                Servo_Update
 .text.stepper_init
                0x08006a20       0x24 CMakeFiles/warehouse_proj.dir/Core/Src/stepper.c.obj
                0x08006a20                stepper_init
 .text.stepper_move_steps
                0x08006a44       0xf0 CMakeFiles/warehouse_proj.dir/Core/Src/stepper.c.obj
                0x08006a44                stepper_move_steps
 .text.stepper_move_degrees
                0x08006b34       0x64 CMakeFiles/warehouse_proj.dir/Core/Src/stepper.c.obj
                0x08006b34                stepper_move_degrees
 .text.stepper_stop
                0x08006b98       0x24 CMakeFiles/warehouse_proj.dir/Core/Src/stepper.c.obj
                0x08006b98                stepper_stop
 .text.__udivmoddi4
                0x08006bbc      0x2bc C:/tools/gcc-arm-none-eabi/arm-gnu-toolchain-13.2.Rel1-mingw-w64-i686-arm-none-eabi/bin/../lib/gcc/arm-none-eabi/13.2.1/thumb/v7e-m+fp/hard\libgcc.a(_udivmoddi4.o)
                0x08006bbc                __udivmoddi4
 .text.snprintf
                0x08006e78       0x68 C:/tools/gcc-arm-none-eabi/arm-gnu-toolchain-13.2.Rel1-mingw-w64-i686-arm-none-eabi/bin/../lib/gcc/arm-none-eabi/13.2.1/thumb/v7e-m+fp/hard\libg_nano.a(libc_a-snprintf.o)
                0x08006e78                sniprintf
                0x08006e78                snprintf
 .text.memset   0x08006ee0       0x10 C:/tools/gcc-arm-none-eabi/arm-gnu-toolchain-13.2.Rel1-mingw-w64-i686-arm-none-eabi/bin/../lib/gcc/arm-none-eabi/13.2.1/thumb/v7e-m+fp/hard\libg_nano.a(libc_a-memset.o)
                0x08006ee0                memset
 .text.__errno  0x08006ef0        0xc C:/tools/gcc-arm-none-eabi/arm-gnu-toolchain-13.2.Rel1-mingw-w64-i686-arm-none-eabi/bin/../lib/gcc/arm-none-eabi/13.2.1/thumb/v7e-m+fp/hard\libg_nano.a(libc_a-errno.o)
                0x08006ef0                __errno
 .text.__libc_init_array
                0x08006efc       0x48 C:/tools/gcc-arm-none-eabi/arm-gnu-toolchain-13.2.Rel1-mingw-w64-i686-arm-none-eabi/bin/../lib/gcc/arm-none-eabi/13.2.1/thumb/v7e-m+fp/hard\libg_nano.a(libc_a-init.o)
                0x08006efc                __libc_init_array
 .text.__retarget_lock_acquire_recursive
                0x08006f44        0x2 C:/tools/gcc-arm-none-eabi/arm-gnu-toolchain-13.2.Rel1-mingw-w64-i686-arm-none-eabi/bin/../lib/gcc/arm-none-eabi/13.2.1/thumb/v7e-m+fp/hard\libg_nano.a(libc_a-lock.o)
                0x08006f44                __retarget_lock_acquire_recursive
 .text.__retarget_lock_release_recursive
                0x08006f46        0x2 C:/tools/gcc-arm-none-eabi/arm-gnu-toolchain-13.2.Rel1-mingw-w64-i686-arm-none-eabi/bin/../lib/gcc/arm-none-eabi/13.2.1/thumb/v7e-m+fp/hard\libg_nano.a(libc_a-lock.o)
                0x08006f46                __retarget_lock_release_recursive
 .text._free_r  0x08006f48       0x94 C:/tools/gcc-arm-none-eabi/arm-gnu-toolchain-13.2.Rel1-mingw-w64-i686-arm-none-eabi/bin/../lib/gcc/arm-none-eabi/13.2.1/thumb/v7e-m+fp/hard\libg_nano.a(libc_a-freer.o)
                0x08006f48                _free_r
 .text.sbrk_aligned
                0x08006fdc       0x44 C:/tools/gcc-arm-none-eabi/arm-gnu-toolchain-13.2.Rel1-mingw-w64-i686-arm-none-eabi/bin/../lib/gcc/arm-none-eabi/13.2.1/thumb/v7e-m+fp/hard\libg_nano.a(libc_a-mallocr.o)
 .text._malloc_r
                0x08007020      0x100 C:/tools/gcc-arm-none-eabi/arm-gnu-toolchain-13.2.Rel1-mingw-w64-i686-arm-none-eabi/bin/../lib/gcc/arm-none-eabi/13.2.1/thumb/v7e-m+fp/hard\libg_nano.a(libc_a-mallocr.o)
                0x08007020                _malloc_r
 .text.__malloc_lock
                0x08007120        0xc C:/tools/gcc-arm-none-eabi/arm-gnu-toolchain-13.2.Rel1-mingw-w64-i686-arm-none-eabi/bin/../lib/gcc/arm-none-eabi/13.2.1/thumb/v7e-m+fp/hard\libg_nano.a(libc_a-mlock.o)
                0x08007120                __malloc_lock
 .text.__malloc_unlock
                0x0800712c        0xc C:/tools/gcc-arm-none-eabi/arm-gnu-toolchain-13.2.Rel1-mingw-w64-i686-arm-none-eabi/bin/../lib/gcc/arm-none-eabi/13.2.1/thumb/v7e-m+fp/hard\libg_nano.a(libc_a-mlock.o)
                0x0800712c                __malloc_unlock
 .text.__ssputs_r
                0x08007138       0xb6 C:/tools/gcc-arm-none-eabi/arm-gnu-toolchain-13.2.Rel1-mingw-w64-i686-arm-none-eabi/bin/../lib/gcc/arm-none-eabi/13.2.1/thumb/v7e-m+fp/hard\libg_nano.a(libc_a-nano-svfprintf.o)
                0x08007138                __ssputs_r
 *fill*         0x080071ee        0x2 
 .text._svfprintf_r
                0x080071f0      0x1f8 C:/tools/gcc-arm-none-eabi/arm-gnu-toolchain-13.2.Rel1-mingw-w64-i686-arm-none-eabi/bin/../lib/gcc/arm-none-eabi/13.2.1/thumb/v7e-m+fp/hard\libg_nano.a(libc_a-nano-svfprintf.o)
                0x080071f0                _svfiprintf_r
                0x080071f0                _svfprintf_r
 .text._printf_common
                0x080073e8       0xda C:/tools/gcc-arm-none-eabi/arm-gnu-toolchain-13.2.Rel1-mingw-w64-i686-arm-none-eabi/bin/../lib/gcc/arm-none-eabi/13.2.1/thumb/v7e-m+fp/hard\libg_nano.a(libc_a-nano-vfprintf_i.o)
                0x080073e8                _printf_common
 *fill*         0x080074c2        0x2 
 .text._printf_i
                0x080074c4      0x23c C:/tools/gcc-arm-none-eabi/arm-gnu-toolchain-13.2.Rel1-mingw-w64-i686-arm-none-eabi/bin/../lib/gcc/arm-none-eabi/13.2.1/thumb/v7e-m+fp/hard\libg_nano.a(libc_a-nano-vfprintf_i.o)
                0x080074c4                _printf_i
 .text.memmove  0x08007700       0x34 C:/tools/gcc-arm-none-eabi/arm-gnu-toolchain-13.2.Rel1-mingw-w64-i686-arm-none-eabi/bin/../lib/gcc/arm-none-eabi/13.2.1/thumb/v7e-m+fp/hard\libg_nano.a(libc_a-memmove.o)
                0x08007700                memmove
 .text._sbrk_r  0x08007734       0x20 C:/tools/gcc-arm-none-eabi/arm-gnu-toolchain-13.2.Rel1-mingw-w64-i686-arm-none-eabi/bin/../lib/gcc/arm-none-eabi/13.2.1/thumb/v7e-m+fp/hard\libg_nano.a(libc_a-sbrkr.o)
                0x08007734                _sbrk_r
 .text.memcpy   0x08007754       0x1c C:/tools/gcc-arm-none-eabi/arm-gnu-toolchain-13.2.Rel1-mingw-w64-i686-arm-none-eabi/bin/../lib/gcc/arm-none-eabi/13.2.1/thumb/v7e-m+fp/hard\libg_nano.a(libc_a-memcpy-stub.o)
                0x08007754                memcpy
 .text._realloc_r
                0x08007770       0x5c C:/tools/gcc-arm-none-eabi/arm-gnu-toolchain-13.2.Rel1-mingw-w64-i686-arm-none-eabi/bin/../lib/gcc/arm-none-eabi/13.2.1/thumb/v7e-m+fp/hard\libg_nano.a(libc_a-reallocr.o)
                0x08007770                _realloc_r
 .text._malloc_usable_size_r
                0x080077cc       0x10 C:/tools/gcc-arm-none-eabi/arm-gnu-toolchain-13.2.Rel1-mingw-w64-i686-arm-none-eabi/bin/../lib/gcc/arm-none-eabi/13.2.1/thumb/v7e-m+fp/hard\libg_nano.a(libc_a-msizer.o)
                0x080077cc                _malloc_usable_size_r
 *(.glue_7)
 .glue_7        0x080077dc        0x0 linker stubs
 *(.glue_7t)
 .glue_7t       0x080077dc        0x0 linker stubs
 *(.eh_frame)
 .eh_frame      0x080077dc        0x0 C:/tools/gcc-arm-none-eabi/arm-gnu-toolchain-13.2.Rel1-mingw-w64-i686-arm-none-eabi/bin/../lib/gcc/arm-none-eabi/13.2.1/thumb/v7e-m+fp/hard/crtbegin.o
 *(.init)
 .init          0x080077dc        0x4 C:/tools/gcc-arm-none-eabi/arm-gnu-toolchain-13.2.Rel1-mingw-w64-i686-arm-none-eabi/bin/../lib/gcc/arm-none-eabi/13.2.1/thumb/v7e-m+fp/hard/crti.o
                0x080077dc                _init
 .init          0x080077e0        0x8 C:/tools/gcc-arm-none-eabi/arm-gnu-toolchain-13.2.Rel1-mingw-w64-i686-arm-none-eabi/bin/../lib/gcc/arm-none-eabi/13.2.1/thumb/v7e-m+fp/hard/crtn.o
 *(.fini)
 .fini          0x080077e8        0x4 C:/tools/gcc-arm-none-eabi/arm-gnu-toolchain-13.2.Rel1-mingw-w64-i686-arm-none-eabi/bin/../lib/gcc/arm-none-eabi/13.2.1/thumb/v7e-m+fp/hard/crti.o
                0x080077e8                _fini
 .fini          0x080077ec        0x8 C:/tools/gcc-arm-none-eabi/arm-gnu-toolchain-13.2.Rel1-mingw-w64-i686-arm-none-eabi/bin/../lib/gcc/arm-none-eabi/13.2.1/thumb/v7e-m+fp/hard/crtn.o
                0x080077f4                        . = ALIGN (0x4)
                0x080077f4                        _etext = .

.vfp11_veneer   0x080077f4        0x0
 .vfp11_veneer  0x080077f4        0x0 linker stubs

.v4_bx          0x080077f4        0x0
 .v4_bx         0x080077f4        0x0 linker stubs

.iplt           0x080077f4        0x0
 .iplt          0x080077f4        0x0 C:/tools/gcc-arm-none-eabi/arm-gnu-toolchain-13.2.Rel1-mingw-w64-i686-arm-none-eabi/bin/../lib/gcc/arm-none-eabi/13.2.1/thumb/v7e-m+fp/hard/crtbegin.o

.rodata         0x080077f4     0x1088
                0x080077f4                        . = ALIGN (0x4)
 *(.rodata)
 .rodata        0x080077f4       0x18 CMakeFiles/warehouse_proj.dir/Core/Src/main.c.obj
 .rodata        0x0800780c     0x100c CMakeFiles/warehouse_proj.dir/Core/Src/uart_control.c.obj
 *(.rodata*)
 .rodata.AHBPrescTable
                0x08008818       0x10 cmake/stm32cubemx/CMakeFiles/STM32_Drivers.dir/__/__/Core/Src/system_stm32g4xx.c.obj
                0x08008818                AHBPrescTable
 .rodata.APBPrescTable
                0x08008828        0x8 cmake/stm32cubemx/CMakeFiles/STM32_Drivers.dir/__/__/Core/Src/system_stm32g4xx.c.obj
                0x08008828                APBPrescTable
 .rodata.UARTPrescTable
                0x08008830       0x18 cmake/stm32cubemx/CMakeFiles/STM32_Drivers.dir/__/__/Drivers/STM32G4xx_HAL_Driver/Src/stm32g4xx_hal_uart.c.obj
                0x08008830                UARTPrescTable
 .rodata._svfprintf_r.str1.1
                0x08008848       0x33 C:/tools/gcc-arm-none-eabi/arm-gnu-toolchain-13.2.Rel1-mingw-w64-i686-arm-none-eabi/bin/../lib/gcc/arm-none-eabi/13.2.1/thumb/v7e-m+fp/hard\libg_nano.a(libc_a-nano-svfprintf.o)
                                 0x11 (size before relaxing)
 .rodata._printf_i.str1.1
                0x0800887b       0x22 C:/tools/gcc-arm-none-eabi/arm-gnu-toolchain-13.2.Rel1-mingw-w64-i686-arm-none-eabi/bin/../lib/gcc/arm-none-eabi/13.2.1/thumb/v7e-m+fp/hard\libg_nano.a(libc_a-nano-vfprintf_i.o)
                0x080088a0                        . = ALIGN (0x4)
 *fill*         0x0800887b        0x1 

.ARM.extab      0x0800887c        0x0
                0x0800887c                        . = ALIGN (0x4)
 *(.ARM.extab* .gnu.linkonce.armextab.*)
                0x0800887c                        . = ALIGN (0x4)

.ARM            0x0800887c        0x8
                0x0800887c                        . = ALIGN (0x4)
                0x0800887c                        __exidx_start = .
 *(.ARM.exidx*)
 .ARM.exidx     0x0800887c        0x8 C:/tools/gcc-arm-none-eabi/arm-gnu-toolchain-13.2.Rel1-mingw-w64-i686-arm-none-eabi/bin/../lib/gcc/arm-none-eabi/13.2.1/thumb/v7e-m+fp/hard\libg_nano.a(libc_a-strlen.o)
 .ARM.exidx     0x08008884        0x0 C:/tools/gcc-arm-none-eabi/arm-gnu-toolchain-13.2.Rel1-mingw-w64-i686-arm-none-eabi/bin/../lib/gcc/arm-none-eabi/13.2.1/thumb/v7e-m+fp/hard\libg_nano.a(libc_a-memchr.o)
                                  0x8 (size before relaxing)
 .ARM.exidx.text.__udivmoddi4
                0x08008884        0x0 C:/tools/gcc-arm-none-eabi/arm-gnu-toolchain-13.2.Rel1-mingw-w64-i686-arm-none-eabi/bin/../lib/gcc/arm-none-eabi/13.2.1/thumb/v7e-m+fp/hard\libgcc.a(_udivmoddi4.o)
                                  0x8 (size before relaxing)
                0x08008884                        __exidx_end = .
                0x08008884                        . = ALIGN (0x4)

.preinit_array  0x08008884        0x0
                0x08008884                        . = ALIGN (0x4)
                0x08008884                        PROVIDE (__preinit_array_start = .)
 *(.preinit_array*)
                0x08008884                        PROVIDE (__preinit_array_end = .)
                0x08008884                        . = ALIGN (0x4)

.init_array     0x08008884        0x4
                0x08008884                        . = ALIGN (0x4)
                0x08008884                        PROVIDE (__init_array_start = .)
 *(SORT_BY_NAME(.init_array.*))
 *(.init_array*)
 .init_array    0x08008884        0x4 C:/tools/gcc-arm-none-eabi/arm-gnu-toolchain-13.2.Rel1-mingw-w64-i686-arm-none-eabi/bin/../lib/gcc/arm-none-eabi/13.2.1/thumb/v7e-m+fp/hard/crtbegin.o
                0x08008888                        PROVIDE (__init_array_end = .)
                0x08008888                        . = ALIGN (0x4)

.fini_array     0x08008888        0x4
                0x08008888                        . = ALIGN (0x4)
                [!provide]                        PROVIDE (__fini_array_start = .)
 *(SORT_BY_NAME(.fini_array.*))
 *(.fini_array*)
 .fini_array    0x08008888        0x4 C:/tools/gcc-arm-none-eabi/arm-gnu-toolchain-13.2.Rel1-mingw-w64-i686-arm-none-eabi/bin/../lib/gcc/arm-none-eabi/13.2.1/thumb/v7e-m+fp/hard/crtbegin.o
                [!provide]                        PROVIDE (__fini_array_end = .)
                0x0800888c                        . = ALIGN (0x4)
                0x0800888c                        _sidata = LOADADDR (.data)

.rel.dyn        0x0800888c        0x0
 .rel.iplt      0x0800888c        0x0 C:/tools/gcc-arm-none-eabi/arm-gnu-toolchain-13.2.Rel1-mingw-w64-i686-arm-none-eabi/bin/../lib/gcc/arm-none-eabi/13.2.1/thumb/v7e-m+fp/hard/crtbegin.o

.data           0x20000000       0x88 load address 0x0800888c
                0x20000000                        . = ALIGN (0x4)
                0x20000000                        _sdata = .
 *(.data)
 *(.data*)
 .data.SystemCoreClock
                0x20000000        0x4 cmake/stm32cubemx/CMakeFiles/STM32_Drivers.dir/__/__/Core/Src/system_stm32g4xx.c.obj
                0x20000000                SystemCoreClock
 .data.uwTickPrio
                0x20000004        0x4 cmake/stm32cubemx/CMakeFiles/STM32_Drivers.dir/__/__/Drivers/STM32G4xx_HAL_Driver/Src/stm32g4xx_hal.c.obj
                0x20000004                uwTickPrio
 .data.uwTickFreq
                0x20000008        0x4 cmake/stm32cubemx/CMakeFiles/STM32_Drivers.dir/__/__/Drivers/STM32G4xx_HAL_Driver/Src/stm32g4xx_hal.c.obj
                0x20000008                uwTickFreq
 .data.LED_PORT
                0x2000000c        0x4 cmake/stm32cubemx/CMakeFiles/STM32_Drivers.dir/__/__/Drivers/BSP/STM32G4xx_Nucleo/stm32g4xx_nucleo.c.obj
 .data.COM_USART
                0x20000010        0x4 cmake/stm32cubemx/CMakeFiles/STM32_Drivers.dir/__/__/Drivers/BSP/STM32G4xx_Nucleo/stm32g4xx_nucleo.c.obj
 .data.current_servo_angle
                0x20000014        0x1 CMakeFiles/warehouse_proj.dir/Core/Src/uart_control.c.obj
 .data.first_print
                0x20000015        0x1 CMakeFiles/warehouse_proj.dir/Core/Src/uart_control.c.obj
 .data.robot_speed
                0x20000016        0x2 CMakeFiles/warehouse_proj.dir/Core/Src/robot.c.obj
                0x20000016                robot_speed
 .data.sensor_max
                0x20000018       0x10 CMakeFiles/warehouse_proj.dir/Core/Src/line_following.c.obj
                0x20000018                sensor_max
 .data.current_angle
                0x20000028        0x4 CMakeFiles/warehouse_proj.dir/Core/Src/servo.c.obj
 .data.target_angle
                0x2000002c        0x1 CMakeFiles/warehouse_proj.dir/Core/Src/servo.c.obj
 *fill*         0x2000002d        0x1 
 .data.step_interval_ms
                0x2000002e        0x2 CMakeFiles/warehouse_proj.dir/Core/Src/servo.c.obj
 .data.step_size_deg
                0x20000030        0x4 CMakeFiles/warehouse_proj.dir/Core/Src/servo.c.obj
 .data.auto_detach_delay_ms
                0x20000034        0x2 CMakeFiles/warehouse_proj.dir/Core/Src/servo.c.obj
 .data.auto_detach_enabled
                0x20000036        0x1 CMakeFiles/warehouse_proj.dir/Core/Src/servo.c.obj
 *fill*         0x20000037        0x1 
 .data._impure_ptr
                0x20000038        0x4 C:/tools/gcc-arm-none-eabi/arm-gnu-toolchain-13.2.Rel1-mingw-w64-i686-arm-none-eabi/bin/../lib/gcc/arm-none-eabi/13.2.1/thumb/v7e-m+fp/hard\libg_nano.a(libc_a-impure.o)
                0x20000038                _impure_ptr
 .data._impure_data
                0x2000003c       0x4c C:/tools/gcc-arm-none-eabi/arm-gnu-toolchain-13.2.Rel1-mingw-w64-i686-arm-none-eabi/bin/../lib/gcc/arm-none-eabi/13.2.1/thumb/v7e-m+fp/hard\libg_nano.a(libc_a-impure.o)
                0x2000003c                _impure_data
 *(.RamFunc)
 *(.RamFunc*)
                0x20000088                        . = ALIGN (0x4)

.tm_clone_table
                0x20000088        0x0 load address 0x08008914
 .tm_clone_table
                0x20000088        0x0 C:/tools/gcc-arm-none-eabi/arm-gnu-toolchain-13.2.Rel1-mingw-w64-i686-arm-none-eabi/bin/../lib/gcc/arm-none-eabi/13.2.1/thumb/v7e-m+fp/hard/crtbegin.o
 .tm_clone_table
                0x20000088        0x0 C:/tools/gcc-arm-none-eabi/arm-gnu-toolchain-13.2.Rel1-mingw-w64-i686-arm-none-eabi/bin/../lib/gcc/arm-none-eabi/13.2.1/thumb/v7e-m+fp/hard/crtend.o

.igot.plt       0x20000088        0x0 load address 0x08008914
 .igot.plt      0x20000088        0x0 C:/tools/gcc-arm-none-eabi/arm-gnu-toolchain-13.2.Rel1-mingw-w64-i686-arm-none-eabi/bin/../lib/gcc/arm-none-eabi/13.2.1/thumb/v7e-m+fp/hard/crtbegin.o

.tdata          0x20000088        0x0 load address 0x08008914
 *(.tdata .tdata.* .gnu.linkonce.td.*)
                0x20000088                        . = ALIGN (0x4)
                0x20000088                        _edata = .
                [!provide]                        PROVIDE (__data_end = .)
                [!provide]                        PROVIDE (__tdata_end = .)
                [!provide]                        PROVIDE (__tdata_start = ADDR (.tdata))
                [!provide]                        PROVIDE (__tdata_size = (__tdata_end - __tdata_start))
                [!provide]                        PROVIDE (__data_start = ADDR (.data))
                [!provide]                        PROVIDE (__data_size = (__data_end - __data_start))
                [!provide]                        PROVIDE (__tdata_source = LOADADDR (.tdata))
                [!provide]                        PROVIDE (__tdata_source_end = (LOADADDR (.tdata) + SIZEOF (.tdata)))
                [!provide]                        PROVIDE (__tdata_source_size = (__tdata_source_end - __tdata_source))
                [!provide]                        PROVIDE (__data_source = LOADADDR (.data))
                [!provide]                        PROVIDE (__data_source_end = __tdata_source_end)
                [!provide]                        PROVIDE (__data_source_size = (__data_source_end - __data_source))

.tbss           0x20000088        0x0 load address 0x08008914
                0x20000088                        _sbss = .
                0x20000088                        __bss_start__ = _sbss
 *(.tbss .tbss.*)
                0x20000088                        . = ALIGN (0x4)
                [!provide]                        PROVIDE (__tbss_end = .)
                [!provide]                        PROVIDE (__tbss_start = ADDR (.tbss))
                [!provide]                        PROVIDE (__tbss_size = (__tbss_end - __tbss_start))
                [!provide]                        PROVIDE (__tbss_offset = (ADDR (.tbss) - ADDR (.tdata)))
                [!provide]                        PROVIDE (__tls_base = __tdata_start)
                [!provide]                        PROVIDE (__tls_end = __tbss_end)
                [!provide]                        PROVIDE (__tls_size = (__tls_end - __tls_base))
                [!provide]                        PROVIDE (__tls_align = MAX (ALIGNOF (.tdata), ALIGNOF (.tbss)))
                [!provide]                        PROVIDE (__tls_size_align = (((__tls_size + __tls_align) - 0x1) & ~ ((__tls_align - 0x1))))
                [!provide]                        PROVIDE (__arm32_tls_tcb_offset = MAX (0x8, __tls_align))
                [!provide]                        PROVIDE (__arm64_tls_tcb_offset = MAX (0x10, __tls_align))

.bss            0x20000088      0x50c load address 0x08008914
 *(.bss)
 *(.bss*)
 .bss.completed.1
                0x20000088        0x1 C:/tools/gcc-arm-none-eabi/arm-gnu-toolchain-13.2.Rel1-mingw-w64-i686-arm-none-eabi/bin/../lib/gcc/arm-none-eabi/13.2.1/thumb/v7e-m+fp/hard/crtbegin.o
 *fill*         0x20000089        0x3 
 .bss.object.0  0x2000008c       0x18 C:/tools/gcc-arm-none-eabi/arm-gnu-toolchain-13.2.Rel1-mingw-w64-i686-arm-none-eabi/bin/../lib/gcc/arm-none-eabi/13.2.1/thumb/v7e-m+fp/hard/crtbegin.o
 .bss.uwTick    0x200000a4        0x4 cmake/stm32cubemx/CMakeFiles/STM32_Drivers.dir/__/__/Drivers/STM32G4xx_HAL_Driver/Src/stm32g4xx_hal.c.obj
                0x200000a4                uwTick
 .bss.hcom_uart
                0x200000a8       0x94 cmake/stm32cubemx/CMakeFiles/STM32_Drivers.dir/__/__/Drivers/BSP/STM32G4xx_Nucleo/stm32g4xx_nucleo.c.obj
                0x200000a8                hcom_uart
 .bss.BspCOMInit
                0x2000013c       0x10 CMakeFiles/warehouse_proj.dir/Core/Src/main.c.obj
                0x2000013c                BspCOMInit
 .bss.hspi1     0x2000014c       0x64 CMakeFiles/warehouse_proj.dir/Core/Src/main.c.obj
                0x2000014c                hspi1
 .bss.htim1     0x200001b0       0x4c CMakeFiles/warehouse_proj.dir/Core/Src/main.c.obj
                0x200001b0                htim1
 .bss.htim2     0x200001fc       0x4c CMakeFiles/warehouse_proj.dir/Core/Src/main.c.obj
                0x200001fc                htim2
 .bss.htim3     0x20000248       0x4c CMakeFiles/warehouse_proj.dir/Core/Src/main.c.obj
                0x20000248                htim3
 .bss.htim4     0x20000294       0x4c CMakeFiles/warehouse_proj.dir/Core/Src/main.c.obj
                0x20000294                htim4
 .bss.htim16    0x200002e0       0x4c CMakeFiles/warehouse_proj.dir/Core/Src/main.c.obj
                0x200002e0                htim16
 .bss.htim17    0x2000032c       0x4c CMakeFiles/warehouse_proj.dir/Core/Src/main.c.obj
                0x2000032c                htim17
 .bss.__sbrk_heap_end
                0x20000378        0x4 CMakeFiles/warehouse_proj.dir/Core/Src/sysmem.c.obj
 .bss.current_stepper_angle
                0x2000037c        0x2 CMakeFiles/warehouse_proj.dir/Core/Src/uart_control.c.obj
 *fill*         0x2000037e        0x2 
 .bss.last_command_time
                0x20000380        0x4 CMakeFiles/warehouse_proj.dir/Core/Src/uart_control.c.obj
 .bss.sensor_test_active
                0x20000384        0x1 CMakeFiles/warehouse_proj.dir/Core/Src/uart_control.c.obj
 .bss.current_mode
                0x20000385        0x1 CMakeFiles/warehouse_proj.dir/Core/Src/uart_control.c.obj
 *fill*         0x20000386        0x2 
 .bss.min       0x20000388       0x10 CMakeFiles/warehouse_proj.dir/Core/Src/uart_control.c.obj
 .bss.max       0x20000398       0x10 CMakeFiles/warehouse_proj.dir/Core/Src/uart_control.c.obj
 .bss.filtered_adc
                0x200003a8       0x10 CMakeFiles/warehouse_proj.dir/Core/Src/uart_control.c.obj
 .bss.led_blink_start_time
                0x200003b8        0x4 CMakeFiles/warehouse_proj.dir/Core/Src/uart_control.c.obj
 .bss.led_is_blinking
                0x200003bc        0x1 CMakeFiles/warehouse_proj.dir/Core/Src/uart_control.c.obj
 *fill*         0x200003bd        0x3 
 .bss.last_print_time.0
                0x200003c0        0x4 CMakeFiles/warehouse_proj.dir/Core/Src/uart_control.c.obj
 .bss.current_state
                0x200003c4        0x1 CMakeFiles/warehouse_proj.dir/Core/Src/robot.c.obj
 *fill*         0x200003c5        0x3 
 .bss.left_encoder
                0x200003c8       0x24 CMakeFiles/warehouse_proj.dir/Core/Src/encoder.c.obj
                0x200003c8                left_encoder
 .bss.right_encoder
                0x200003ec       0x24 CMakeFiles/warehouse_proj.dir/Core/Src/encoder.c.obj
                0x200003ec                right_encoder
 .bss.sensor_min
                0x20000410       0x10 CMakeFiles/warehouse_proj.dir/Core/Src/line_following.c.obj
                0x20000410                sensor_min
 .bss.last_loop_time.4
                0x20000420        0x4 CMakeFiles/warehouse_proj.dir/Core/Src/line_following.c.obj
 .bss.calibrated.3
                0x20000424        0x1 CMakeFiles/warehouse_proj.dir/Core/Src/line_following.c.obj
 *fill*         0x20000425        0x3 
 .bss.filtered_adc.2
                0x20000428       0x10 CMakeFiles/warehouse_proj.dir/Core/Src/line_following.c.obj
 .bss.last_error.1
                0x20000438        0x4 CMakeFiles/warehouse_proj.dir/Core/Src/line_following.c.obj
 .bss.integral.0
                0x2000043c        0x4 CMakeFiles/warehouse_proj.dir/Core/Src/line_following.c.obj
 .bss.last_step_tick
                0x20000440        0x4 CMakeFiles/warehouse_proj.dir/Core/Src/servo.c.obj
 .bss.last_move_tick
                0x20000444        0x4 CMakeFiles/warehouse_proj.dir/Core/Src/servo.c.obj
 .bss.pwm_active
                0x20000448        0x1 CMakeFiles/warehouse_proj.dir/Core/Src/servo.c.obj
 *fill*         0x20000449        0x3 
 .bss.__sf      0x2000044c      0x138 C:/tools/gcc-arm-none-eabi/arm-gnu-toolchain-13.2.Rel1-mingw-w64-i686-arm-none-eabi/bin/../lib/gcc/arm-none-eabi/13.2.1/thumb/v7e-m+fp/hard\libg_nano.a(libc_a-findfp.o)
                0x2000044c                __sf
 .bss.errno     0x20000584        0x4 C:/tools/gcc-arm-none-eabi/arm-gnu-toolchain-13.2.Rel1-mingw-w64-i686-arm-none-eabi/bin/../lib/gcc/arm-none-eabi/13.2.1/thumb/v7e-m+fp/hard\libg_nano.a(libc_a-reent.o)
                0x20000584                errno
 .bss.__lock___malloc_recursive_mutex
                0x20000588        0x1 C:/tools/gcc-arm-none-eabi/arm-gnu-toolchain-13.2.Rel1-mingw-w64-i686-arm-none-eabi/bin/../lib/gcc/arm-none-eabi/13.2.1/thumb/v7e-m+fp/hard\libg_nano.a(libc_a-lock.o)
                0x20000588                __lock___malloc_recursive_mutex
 *fill*         0x20000589        0x3 
 .bss.__malloc_sbrk_start
                0x2000058c        0x4 C:/tools/gcc-arm-none-eabi/arm-gnu-toolchain-13.2.Rel1-mingw-w64-i686-arm-none-eabi/bin/../lib/gcc/arm-none-eabi/13.2.1/thumb/v7e-m+fp/hard\libg_nano.a(libc_a-mallocr.o)
                0x2000058c                __malloc_sbrk_start
 .bss.__malloc_free_list
                0x20000590        0x4 C:/tools/gcc-arm-none-eabi/arm-gnu-toolchain-13.2.Rel1-mingw-w64-i686-arm-none-eabi/bin/../lib/gcc/arm-none-eabi/13.2.1/thumb/v7e-m+fp/hard\libg_nano.a(libc_a-mallocr.o)
                0x20000590                __malloc_free_list
 *(COMMON)
                0x20000594                        . = ALIGN (0x4)
                0x20000594                        _ebss = .
                0x20000594                        __bss_end__ = _ebss
                [!provide]                        PROVIDE (__bss_end = .)
                [!provide]                        PROVIDE (__non_tls_bss_start = ADDR (.bss))
                [!provide]                        PROVIDE (__bss_start = __tbss_start)
                [!provide]                        PROVIDE (__bss_size = (__bss_end - __bss_start))

._user_heap_stack
                0x20000594      0x604 load address 0x08008914
                0x20000598                        . = ALIGN (0x8)
 *fill*         0x20000594        0x4 
                [!provide]                        PROVIDE (end = .)
                0x20000598                        PROVIDE (_end = .)
                0x20000798                        . = (. + _Min_Heap_Size)
 *fill*         0x20000598      0x200 
                0x20000b98                        . = (. + _Min_Stack_Size)
 *fill*         0x20000798      0x400 
                0x20000b98                        . = ALIGN (0x8)

/DISCARD/
 libc.a:*(*)
 libm.a:*(*)
 libgcc.a:*(*)
OUTPUT(warehouse_proj.elf elf32-littlearm)
LOAD linker stubs

.ARM.attributes
                0x00000000       0x30
 .ARM.attributes
                0x00000000       0x22 C:/tools/gcc-arm-none-eabi/arm-gnu-toolchain-13.2.Rel1-mingw-w64-i686-arm-none-eabi/bin/../lib/gcc/arm-none-eabi/13.2.1/thumb/v7e-m+fp/hard/crti.o
 .ARM.attributes
                0x00000022       0x34 C:/tools/gcc-arm-none-eabi/arm-gnu-toolchain-13.2.Rel1-mingw-w64-i686-arm-none-eabi/bin/../lib/gcc/arm-none-eabi/13.2.1/thumb/v7e-m+fp/hard/crtbegin.o
 .ARM.attributes
                0x00000056       0x34 cmake/stm32cubemx/CMakeFiles/STM32_Drivers.dir/__/__/Core/Src/system_stm32g4xx.c.obj
 .ARM.attributes
                0x0000008a       0x34 cmake/stm32cubemx/CMakeFiles/STM32_Drivers.dir/__/__/Drivers/STM32G4xx_HAL_Driver/Src/stm32g4xx_hal.c.obj
 .ARM.attributes
                0x000000be       0x34 cmake/stm32cubemx/CMakeFiles/STM32_Drivers.dir/__/__/Drivers/STM32G4xx_HAL_Driver/Src/stm32g4xx_hal_rcc.c.obj
 .ARM.attributes
                0x000000f2       0x34 cmake/stm32cubemx/CMakeFiles/STM32_Drivers.dir/__/__/Drivers/STM32G4xx_HAL_Driver/Src/stm32g4xx_hal_gpio.c.obj
 .ARM.attributes
                0x00000126       0x34 cmake/stm32cubemx/CMakeFiles/STM32_Drivers.dir/__/__/Drivers/STM32G4xx_HAL_Driver/Src/stm32g4xx_hal_pwr_ex.c.obj
 .ARM.attributes
                0x0000015a       0x34 cmake/stm32cubemx/CMakeFiles/STM32_Drivers.dir/__/__/Drivers/STM32G4xx_HAL_Driver/Src/stm32g4xx_hal_cortex.c.obj
 .ARM.attributes
                0x0000018e       0x34 cmake/stm32cubemx/CMakeFiles/STM32_Drivers.dir/__/__/Drivers/STM32G4xx_HAL_Driver/Src/stm32g4xx_hal_spi.c.obj
 .ARM.attributes
                0x000001c2       0x34 cmake/stm32cubemx/CMakeFiles/STM32_Drivers.dir/__/__/Drivers/STM32G4xx_HAL_Driver/Src/stm32g4xx_hal_tim.c.obj
 .ARM.attributes
                0x000001f6       0x34 cmake/stm32cubemx/CMakeFiles/STM32_Drivers.dir/__/__/Drivers/STM32G4xx_HAL_Driver/Src/stm32g4xx_hal_tim_ex.c.obj
 .ARM.attributes
                0x0000022a       0x34 cmake/stm32cubemx/CMakeFiles/STM32_Drivers.dir/__/__/Drivers/STM32G4xx_HAL_Driver/Src/stm32g4xx_hal_uart.c.obj
 .ARM.attributes
                0x0000025e       0x34 cmake/stm32cubemx/CMakeFiles/STM32_Drivers.dir/__/__/Drivers/BSP/STM32G4xx_Nucleo/stm32g4xx_nucleo.c.obj
 .ARM.attributes
                0x00000292       0x34 CMakeFiles/warehouse_proj.dir/Core/Src/main.c.obj
 .ARM.attributes
                0x000002c6       0x34 CMakeFiles/warehouse_proj.dir/Core/Src/stm32g4xx_it.c.obj
 .ARM.attributes
                0x000002fa       0x34 CMakeFiles/warehouse_proj.dir/Core/Src/stm32g4xx_hal_msp.c.obj
 .ARM.attributes
                0x0000032e       0x34 CMakeFiles/warehouse_proj.dir/Core/Src/sysmem.c.obj
 .ARM.attributes
                0x00000362       0x21 CMakeFiles/warehouse_proj.dir/startup_stm32g431xx.s.obj
 .ARM.attributes
                0x00000383       0x34 CMakeFiles/warehouse_proj.dir/Core/Src/MCP3208.c.obj
 .ARM.attributes
                0x000003b7       0x34 CMakeFiles/warehouse_proj.dir/Core/Src/uart_control.c.obj
 .ARM.attributes
                0x000003eb       0x34 CMakeFiles/warehouse_proj.dir/Core/Src/robot.c.obj
 .ARM.attributes
                0x0000041f       0x34 CMakeFiles/warehouse_proj.dir/Core/Src/motor.c.obj
 .ARM.attributes
                0x00000453       0x34 CMakeFiles/warehouse_proj.dir/Core/Src/encoder.c.obj
 .ARM.attributes
                0x00000487       0x34 CMakeFiles/warehouse_proj.dir/Core/Src/line_following.c.obj
 .ARM.attributes
                0x000004bb       0x34 CMakeFiles/warehouse_proj.dir/Core/Src/servo.c.obj
 .ARM.attributes
                0x000004ef       0x34 CMakeFiles/warehouse_proj.dir/Core/Src/stepper.c.obj
 .ARM.attributes
                0x00000523       0x22 C:/tools/gcc-arm-none-eabi/arm-gnu-toolchain-13.2.Rel1-mingw-w64-i686-arm-none-eabi/bin/../lib/gcc/arm-none-eabi/13.2.1/thumb/v7e-m+fp/hard\libgcc.a(_aeabi_uldivmod.o)
 .ARM.attributes
                0x00000545       0x34 C:/tools/gcc-arm-none-eabi/arm-gnu-toolchain-13.2.Rel1-mingw-w64-i686-arm-none-eabi/bin/../lib/gcc/arm-none-eabi/13.2.1/thumb/v7e-m+fp/hard\libgcc.a(_udivmoddi4.o)
 .ARM.attributes
                0x00000579       0x22 C:/tools/gcc-arm-none-eabi/arm-gnu-toolchain-13.2.Rel1-mingw-w64-i686-arm-none-eabi/bin/../lib/gcc/arm-none-eabi/13.2.1/thumb/v7e-m+fp/hard\libgcc.a(_dvmd_tls.o)
 .ARM.attributes
                0x0000059b       0x34 C:/tools/gcc-arm-none-eabi/arm-gnu-toolchain-13.2.Rel1-mingw-w64-i686-arm-none-eabi/bin/../lib/gcc/arm-none-eabi/13.2.1/thumb/v7e-m+fp/hard\libg_nano.a(libc_a-findfp.o)
 .ARM.attributes
                0x000005cf       0x34 C:/tools/gcc-arm-none-eabi/arm-gnu-toolchain-13.2.Rel1-mingw-w64-i686-arm-none-eabi/bin/../lib/gcc/arm-none-eabi/13.2.1/thumb/v7e-m+fp/hard\libg_nano.a(libc_a-snprintf.o)
 .ARM.attributes
                0x00000603       0x34 C:/tools/gcc-arm-none-eabi/arm-gnu-toolchain-13.2.Rel1-mingw-w64-i686-arm-none-eabi/bin/../lib/gcc/arm-none-eabi/13.2.1/thumb/v7e-m+fp/hard\libg_nano.a(libc_a-memset.o)
 .ARM.attributes
                0x00000637       0x34 C:/tools/gcc-arm-none-eabi/arm-gnu-toolchain-13.2.Rel1-mingw-w64-i686-arm-none-eabi/bin/../lib/gcc/arm-none-eabi/13.2.1/thumb/v7e-m+fp/hard\libg_nano.a(libc_a-reent.o)
 .ARM.attributes
                0x0000066b       0x34 C:/tools/gcc-arm-none-eabi/arm-gnu-toolchain-13.2.Rel1-mingw-w64-i686-arm-none-eabi/bin/../lib/gcc/arm-none-eabi/13.2.1/thumb/v7e-m+fp/hard\libg_nano.a(libc_a-impure.o)
 .ARM.attributes
                0x0000069f       0x34 C:/tools/gcc-arm-none-eabi/arm-gnu-toolchain-13.2.Rel1-mingw-w64-i686-arm-none-eabi/bin/../lib/gcc/arm-none-eabi/13.2.1/thumb/v7e-m+fp/hard\libg_nano.a(libc_a-errno.o)
 .ARM.attributes
                0x000006d3       0x34 C:/tools/gcc-arm-none-eabi/arm-gnu-toolchain-13.2.Rel1-mingw-w64-i686-arm-none-eabi/bin/../lib/gcc/arm-none-eabi/13.2.1/thumb/v7e-m+fp/hard\libg_nano.a(libc_a-init.o)
 .ARM.attributes
                0x00000707       0x34 C:/tools/gcc-arm-none-eabi/arm-gnu-toolchain-13.2.Rel1-mingw-w64-i686-arm-none-eabi/bin/../lib/gcc/arm-none-eabi/13.2.1/thumb/v7e-m+fp/hard\libg_nano.a(libc_a-lock.o)
 .ARM.attributes
                0x0000073b       0x17 C:/tools/gcc-arm-none-eabi/arm-gnu-toolchain-13.2.Rel1-mingw-w64-i686-arm-none-eabi/bin/../lib/gcc/arm-none-eabi/13.2.1/thumb/v7e-m+fp/hard\libg_nano.a(libc_a-strlen.o)
 .ARM.attributes
                0x00000752       0x34 C:/tools/gcc-arm-none-eabi/arm-gnu-toolchain-13.2.Rel1-mingw-w64-i686-arm-none-eabi/bin/../lib/gcc/arm-none-eabi/13.2.1/thumb/v7e-m+fp/hard\libg_nano.a(libc_a-freer.o)
 .ARM.attributes
                0x00000786       0x34 C:/tools/gcc-arm-none-eabi/arm-gnu-toolchain-13.2.Rel1-mingw-w64-i686-arm-none-eabi/bin/../lib/gcc/arm-none-eabi/13.2.1/thumb/v7e-m+fp/hard\libg_nano.a(libc_a-mallocr.o)
 .ARM.attributes
                0x000007ba       0x34 C:/tools/gcc-arm-none-eabi/arm-gnu-toolchain-13.2.Rel1-mingw-w64-i686-arm-none-eabi/bin/../lib/gcc/arm-none-eabi/13.2.1/thumb/v7e-m+fp/hard\libg_nano.a(libc_a-mlock.o)
 .ARM.attributes
                0x000007ee       0x34 C:/tools/gcc-arm-none-eabi/arm-gnu-toolchain-13.2.Rel1-mingw-w64-i686-arm-none-eabi/bin/../lib/gcc/arm-none-eabi/13.2.1/thumb/v7e-m+fp/hard\libg_nano.a(libc_a-nano-svfprintf.o)
 .ARM.attributes
                0x00000822       0x34 C:/tools/gcc-arm-none-eabi/arm-gnu-toolchain-13.2.Rel1-mingw-w64-i686-arm-none-eabi/bin/../lib/gcc/arm-none-eabi/13.2.1/thumb/v7e-m+fp/hard\libg_nano.a(libc_a-nano-vfprintf_i.o)
 .ARM.attributes
                0x00000856       0x34 C:/tools/gcc-arm-none-eabi/arm-gnu-toolchain-13.2.Rel1-mingw-w64-i686-arm-none-eabi/bin/../lib/gcc/arm-none-eabi/13.2.1/thumb/v7e-m+fp/hard\libg_nano.a(libc_a-memmove.o)
 .ARM.attributes
                0x0000088a       0x34 C:/tools/gcc-arm-none-eabi/arm-gnu-toolchain-13.2.Rel1-mingw-w64-i686-arm-none-eabi/bin/../lib/gcc/arm-none-eabi/13.2.1/thumb/v7e-m+fp/hard\libg_nano.a(libc_a-sbrkr.o)
 .ARM.attributes
                0x000008be       0x1c C:/tools/gcc-arm-none-eabi/arm-gnu-toolchain-13.2.Rel1-mingw-w64-i686-arm-none-eabi/bin/../lib/gcc/arm-none-eabi/13.2.1/thumb/v7e-m+fp/hard\libg_nano.a(libc_a-memchr.o)
 .ARM.attributes
                0x000008da       0x34 C:/tools/gcc-arm-none-eabi/arm-gnu-toolchain-13.2.Rel1-mingw-w64-i686-arm-none-eabi/bin/../lib/gcc/arm-none-eabi/13.2.1/thumb/v7e-m+fp/hard\libg_nano.a(libc_a-memcpy-stub.o)
 .ARM.attributes
                0x0000090e       0x34 C:/tools/gcc-arm-none-eabi/arm-gnu-toolchain-13.2.Rel1-mingw-w64-i686-arm-none-eabi/bin/../lib/gcc/arm-none-eabi/13.2.1/thumb/v7e-m+fp/hard\libg_nano.a(libc_a-reallocr.o)
 .ARM.attributes
                0x00000942       0x34 C:/tools/gcc-arm-none-eabi/arm-gnu-toolchain-13.2.Rel1-mingw-w64-i686-arm-none-eabi/bin/../lib/gcc/arm-none-eabi/13.2.1/thumb/v7e-m+fp/hard\libg_nano.a(libc_a-msizer.o)
 .ARM.attributes
                0x00000976       0x34 C:/tools/gcc-arm-none-eabi/arm-gnu-toolchain-13.2.Rel1-mingw-w64-i686-arm-none-eabi/bin/../lib/gcc/arm-none-eabi/13.2.1/thumb/v7e-m+fp/hard/crtend.o
 .ARM.attributes
                0x000009aa       0x22 C:/tools/gcc-arm-none-eabi/arm-gnu-toolchain-13.2.Rel1-mingw-w64-i686-arm-none-eabi/bin/../lib/gcc/arm-none-eabi/13.2.1/thumb/v7e-m+fp/hard/crtn.o

.comment        0x00000000       0x44
 .comment       0x00000000       0x44 cmake/stm32cubemx/CMakeFiles/STM32_Drivers.dir/__/__/Core/Src/system_stm32g4xx.c.obj
                                 0x45 (size before relaxing)
 .comment       0x00000044       0x45 cmake/stm32cubemx/CMakeFiles/STM32_Drivers.dir/__/__/Drivers/STM32G4xx_HAL_Driver/Src/stm32g4xx_hal.c.obj
 .comment       0x00000044       0x45 cmake/stm32cubemx/CMakeFiles/STM32_Drivers.dir/__/__/Drivers/STM32G4xx_HAL_Driver/Src/stm32g4xx_hal_rcc.c.obj
 .comment       0x00000044       0x45 cmake/stm32cubemx/CMakeFiles/STM32_Drivers.dir/__/__/Drivers/STM32G4xx_HAL_Driver/Src/stm32g4xx_hal_gpio.c.obj
 .comment       0x00000044       0x45 cmake/stm32cubemx/CMakeFiles/STM32_Drivers.dir/__/__/Drivers/STM32G4xx_HAL_Driver/Src/stm32g4xx_hal_pwr_ex.c.obj
 .comment       0x00000044       0x45 cmake/stm32cubemx/CMakeFiles/STM32_Drivers.dir/__/__/Drivers/STM32G4xx_HAL_Driver/Src/stm32g4xx_hal_cortex.c.obj
 .comment       0x00000044       0x45 cmake/stm32cubemx/CMakeFiles/STM32_Drivers.dir/__/__/Drivers/STM32G4xx_HAL_Driver/Src/stm32g4xx_hal_spi.c.obj
 .comment       0x00000044       0x45 cmake/stm32cubemx/CMakeFiles/STM32_Drivers.dir/__/__/Drivers/STM32G4xx_HAL_Driver/Src/stm32g4xx_hal_tim.c.obj
 .comment       0x00000044       0x45 cmake/stm32cubemx/CMakeFiles/STM32_Drivers.dir/__/__/Drivers/STM32G4xx_HAL_Driver/Src/stm32g4xx_hal_tim_ex.c.obj
 .comment       0x00000044       0x45 cmake/stm32cubemx/CMakeFiles/STM32_Drivers.dir/__/__/Drivers/STM32G4xx_HAL_Driver/Src/stm32g4xx_hal_uart.c.obj
 .comment       0x00000044       0x45 cmake/stm32cubemx/CMakeFiles/STM32_Drivers.dir/__/__/Drivers/BSP/STM32G4xx_Nucleo/stm32g4xx_nucleo.c.obj
 .comment       0x00000044       0x45 CMakeFiles/warehouse_proj.dir/Core/Src/main.c.obj
 .comment       0x00000044       0x45 CMakeFiles/warehouse_proj.dir/Core/Src/stm32g4xx_it.c.obj
 .comment       0x00000044       0x45 CMakeFiles/warehouse_proj.dir/Core/Src/stm32g4xx_hal_msp.c.obj
 .comment       0x00000044       0x45 CMakeFiles/warehouse_proj.dir/Core/Src/sysmem.c.obj
 .comment       0x00000044       0x45 CMakeFiles/warehouse_proj.dir/Core/Src/MCP3208.c.obj
 .comment       0x00000044       0x45 CMakeFiles/warehouse_proj.dir/Core/Src/uart_control.c.obj
 .comment       0x00000044       0x45 CMakeFiles/warehouse_proj.dir/Core/Src/robot.c.obj
 .comment       0x00000044       0x45 CMakeFiles/warehouse_proj.dir/Core/Src/motor.c.obj
 .comment       0x00000044       0x45 CMakeFiles/warehouse_proj.dir/Core/Src/encoder.c.obj
 .comment       0x00000044       0x45 CMakeFiles/warehouse_proj.dir/Core/Src/line_following.c.obj
 .comment       0x00000044       0x45 CMakeFiles/warehouse_proj.dir/Core/Src/servo.c.obj
 .comment       0x00000044       0x45 CMakeFiles/warehouse_proj.dir/Core/Src/stepper.c.obj

.debug_info     0x00000000    0x17a25
 .debug_info    0x00000000      0x58a cmake/stm32cubemx/CMakeFiles/STM32_Drivers.dir/__/__/Core/Src/system_stm32g4xx.c.obj
 .debug_info    0x0000058a      0xad7 cmake/stm32cubemx/CMakeFiles/STM32_Drivers.dir/__/__/Drivers/STM32G4xx_HAL_Driver/Src/stm32g4xx_hal.c.obj
 .debug_info    0x00001061      0xb97 cmake/stm32cubemx/CMakeFiles/STM32_Drivers.dir/__/__/Drivers/STM32G4xx_HAL_Driver/Src/stm32g4xx_hal_rcc.c.obj
 .debug_info    0x00001bf8      0x76e cmake/stm32cubemx/CMakeFiles/STM32_Drivers.dir/__/__/Drivers/STM32G4xx_HAL_Driver/Src/stm32g4xx_hal_gpio.c.obj
 .debug_info    0x00002366      0x940 cmake/stm32cubemx/CMakeFiles/STM32_Drivers.dir/__/__/Drivers/STM32G4xx_HAL_Driver/Src/stm32g4xx_hal_pwr_ex.c.obj
 .debug_info    0x00002ca6      0xd3b cmake/stm32cubemx/CMakeFiles/STM32_Drivers.dir/__/__/Drivers/STM32G4xx_HAL_Driver/Src/stm32g4xx_hal_cortex.c.obj
 .debug_info    0x000039e1     0x1673 cmake/stm32cubemx/CMakeFiles/STM32_Drivers.dir/__/__/Drivers/STM32G4xx_HAL_Driver/Src/stm32g4xx_hal_spi.c.obj
 .debug_info    0x00005054     0x2c4e cmake/stm32cubemx/CMakeFiles/STM32_Drivers.dir/__/__/Drivers/STM32G4xx_HAL_Driver/Src/stm32g4xx_hal_tim.c.obj
 .debug_info    0x00007ca2     0x1d91 cmake/stm32cubemx/CMakeFiles/STM32_Drivers.dir/__/__/Drivers/STM32G4xx_HAL_Driver/Src/stm32g4xx_hal_tim_ex.c.obj
 .debug_info    0x00009a33     0x4850 cmake/stm32cubemx/CMakeFiles/STM32_Drivers.dir/__/__/Drivers/STM32G4xx_HAL_Driver/Src/stm32g4xx_hal_uart.c.obj
 .debug_info    0x0000e283     0x114d cmake/stm32cubemx/CMakeFiles/STM32_Drivers.dir/__/__/Drivers/BSP/STM32G4xx_Nucleo/stm32g4xx_nucleo.c.obj
 .debug_info    0x0000f3d0     0x1c37 CMakeFiles/warehouse_proj.dir/Core/Src/main.c.obj
 .debug_info    0x00011007      0x116 CMakeFiles/warehouse_proj.dir/Core/Src/stm32g4xx_it.c.obj
 .debug_info    0x0001111d     0x10e2 CMakeFiles/warehouse_proj.dir/Core/Src/stm32g4xx_hal_msp.c.obj
 .debug_info    0x000121ff      0x164 CMakeFiles/warehouse_proj.dir/Core/Src/sysmem.c.obj
 .debug_info    0x00012363       0x30 CMakeFiles/warehouse_proj.dir/startup_stm32g431xx.s.obj
 .debug_info    0x00012393      0x8aa CMakeFiles/warehouse_proj.dir/Core/Src/MCP3208.c.obj
 .debug_info    0x00012c3d     0x1659 CMakeFiles/warehouse_proj.dir/Core/Src/uart_control.c.obj
 .debug_info    0x00014296      0x30e CMakeFiles/warehouse_proj.dir/Core/Src/robot.c.obj
 .debug_info    0x000145a4      0xa23 CMakeFiles/warehouse_proj.dir/Core/Src/motor.c.obj
 .debug_info    0x00014fc7      0xa76 CMakeFiles/warehouse_proj.dir/Core/Src/encoder.c.obj
 .debug_info    0x00015a3d      0xb0e CMakeFiles/warehouse_proj.dir/Core/Src/line_following.c.obj
 .debug_info    0x0001654b      0xa61 CMakeFiles/warehouse_proj.dir/Core/Src/servo.c.obj
 .debug_info    0x00016fac      0xa79 CMakeFiles/warehouse_proj.dir/Core/Src/stepper.c.obj

.debug_abbrev   0x00000000     0x32be
 .debug_abbrev  0x00000000      0x118 cmake/stm32cubemx/CMakeFiles/STM32_Drivers.dir/__/__/Core/Src/system_stm32g4xx.c.obj
 .debug_abbrev  0x00000118      0x26f cmake/stm32cubemx/CMakeFiles/STM32_Drivers.dir/__/__/Drivers/STM32G4xx_HAL_Driver/Src/stm32g4xx_hal.c.obj
 .debug_abbrev  0x00000387      0x2c7 cmake/stm32cubemx/CMakeFiles/STM32_Drivers.dir/__/__/Drivers/STM32G4xx_HAL_Driver/Src/stm32g4xx_hal_rcc.c.obj
 .debug_abbrev  0x0000064e      0x1d0 cmake/stm32cubemx/CMakeFiles/STM32_Drivers.dir/__/__/Drivers/STM32G4xx_HAL_Driver/Src/stm32g4xx_hal_gpio.c.obj
 .debug_abbrev  0x0000081e      0x22a cmake/stm32cubemx/CMakeFiles/STM32_Drivers.dir/__/__/Drivers/STM32G4xx_HAL_Driver/Src/stm32g4xx_hal_pwr_ex.c.obj
 .debug_abbrev  0x00000a48      0x31a cmake/stm32cubemx/CMakeFiles/STM32_Drivers.dir/__/__/Drivers/STM32G4xx_HAL_Driver/Src/stm32g4xx_hal_cortex.c.obj
 .debug_abbrev  0x00000d62      0x25b cmake/stm32cubemx/CMakeFiles/STM32_Drivers.dir/__/__/Drivers/STM32G4xx_HAL_Driver/Src/stm32g4xx_hal_spi.c.obj
 .debug_abbrev  0x00000fbd      0x2a5 cmake/stm32cubemx/CMakeFiles/STM32_Drivers.dir/__/__/Drivers/STM32G4xx_HAL_Driver/Src/stm32g4xx_hal_tim.c.obj
 .debug_abbrev  0x00001262      0x2c3 cmake/stm32cubemx/CMakeFiles/STM32_Drivers.dir/__/__/Drivers/STM32G4xx_HAL_Driver/Src/stm32g4xx_hal_tim_ex.c.obj
 .debug_abbrev  0x00001525      0x302 cmake/stm32cubemx/CMakeFiles/STM32_Drivers.dir/__/__/Drivers/STM32G4xx_HAL_Driver/Src/stm32g4xx_hal_uart.c.obj
 .debug_abbrev  0x00001827      0x29b cmake/stm32cubemx/CMakeFiles/STM32_Drivers.dir/__/__/Drivers/BSP/STM32G4xx_Nucleo/stm32g4xx_nucleo.c.obj
 .debug_abbrev  0x00001ac2      0x359 CMakeFiles/warehouse_proj.dir/Core/Src/main.c.obj
 .debug_abbrev  0x00001e1b       0x71 CMakeFiles/warehouse_proj.dir/Core/Src/stm32g4xx_it.c.obj
 .debug_abbrev  0x00001e8c      0x25f CMakeFiles/warehouse_proj.dir/Core/Src/stm32g4xx_hal_msp.c.obj
 .debug_abbrev  0x000020eb       0xba CMakeFiles/warehouse_proj.dir/Core/Src/sysmem.c.obj
 .debug_abbrev  0x000021a5       0x24 CMakeFiles/warehouse_proj.dir/startup_stm32g431xx.s.obj
 .debug_abbrev  0x000021c9      0x1aa CMakeFiles/warehouse_proj.dir/Core/Src/MCP3208.c.obj
 .debug_abbrev  0x00002373      0x327 CMakeFiles/warehouse_proj.dir/Core/Src/uart_control.c.obj
 .debug_abbrev  0x0000269a      0x198 CMakeFiles/warehouse_proj.dir/Core/Src/robot.c.obj
 .debug_abbrev  0x00002832      0x1da CMakeFiles/warehouse_proj.dir/Core/Src/motor.c.obj
 .debug_abbrev  0x00002a0c      0x246 CMakeFiles/warehouse_proj.dir/Core/Src/encoder.c.obj
 .debug_abbrev  0x00002c52      0x20f CMakeFiles/warehouse_proj.dir/Core/Src/line_following.c.obj
 .debug_abbrev  0x00002e61      0x24d CMakeFiles/warehouse_proj.dir/Core/Src/servo.c.obj
 .debug_abbrev  0x000030ae      0x210 CMakeFiles/warehouse_proj.dir/Core/Src/stepper.c.obj

.debug_aranges  0x00000000     0x13c0
 .debug_aranges
                0x00000000       0x28 cmake/stm32cubemx/CMakeFiles/STM32_Drivers.dir/__/__/Core/Src/system_stm32g4xx.c.obj
 .debug_aranges
                0x00000028      0x148 cmake/stm32cubemx/CMakeFiles/STM32_Drivers.dir/__/__/Drivers/STM32G4xx_HAL_Driver/Src/stm32g4xx_hal.c.obj
 .debug_aranges
                0x00000170       0x98 cmake/stm32cubemx/CMakeFiles/STM32_Drivers.dir/__/__/Drivers/STM32G4xx_HAL_Driver/Src/stm32g4xx_hal_rcc.c.obj
 .debug_aranges
                0x00000208       0x58 cmake/stm32cubemx/CMakeFiles/STM32_Drivers.dir/__/__/Drivers/STM32G4xx_HAL_Driver/Src/stm32g4xx_hal_gpio.c.obj
 .debug_aranges
                0x00000260      0x140 cmake/stm32cubemx/CMakeFiles/STM32_Drivers.dir/__/__/Drivers/STM32G4xx_HAL_Driver/Src/stm32g4xx_hal_pwr_ex.c.obj
 .debug_aranges
                0x000003a0      0x128 cmake/stm32cubemx/CMakeFiles/STM32_Drivers.dir/__/__/Drivers/STM32G4xx_HAL_Driver/Src/stm32g4xx_hal_cortex.c.obj
 .debug_aranges
                0x000004c8      0x1d8 cmake/stm32cubemx/CMakeFiles/STM32_Drivers.dir/__/__/Drivers/STM32G4xx_HAL_Driver/Src/stm32g4xx_hal_spi.c.obj
 .debug_aranges
                0x000006a0      0x3e0 cmake/stm32cubemx/CMakeFiles/STM32_Drivers.dir/__/__/Drivers/STM32G4xx_HAL_Driver/Src/stm32g4xx_hal_tim.c.obj
 .debug_aranges
                0x00000a80      0x240 cmake/stm32cubemx/CMakeFiles/STM32_Drivers.dir/__/__/Drivers/STM32G4xx_HAL_Driver/Src/stm32g4xx_hal_tim_ex.c.obj
 .debug_aranges
                0x00000cc0      0x248 cmake/stm32cubemx/CMakeFiles/STM32_Drivers.dir/__/__/Drivers/STM32G4xx_HAL_Driver/Src/stm32g4xx_hal_uart.c.obj
 .debug_aranges
                0x00000f08       0x98 cmake/stm32cubemx/CMakeFiles/STM32_Drivers.dir/__/__/Drivers/BSP/STM32G4xx_Nucleo/stm32g4xx_nucleo.c.obj
 .debug_aranges
                0x00000fa0       0x70 CMakeFiles/warehouse_proj.dir/Core/Src/main.c.obj
 .debug_aranges
                0x00001010       0x60 CMakeFiles/warehouse_proj.dir/Core/Src/stm32g4xx_it.c.obj
 .debug_aranges
                0x00001070       0x58 CMakeFiles/warehouse_proj.dir/Core/Src/stm32g4xx_hal_msp.c.obj
 .debug_aranges
                0x000010c8       0x20 CMakeFiles/warehouse_proj.dir/Core/Src/sysmem.c.obj
 .debug_aranges
                0x000010e8       0x28 CMakeFiles/warehouse_proj.dir/startup_stm32g431xx.s.obj
 .debug_aranges
                0x00001110       0x20 CMakeFiles/warehouse_proj.dir/Core/Src/MCP3208.c.obj
 .debug_aranges
                0x00001130       0x90 CMakeFiles/warehouse_proj.dir/Core/Src/uart_control.c.obj
 .debug_aranges
                0x000011c0       0x38 CMakeFiles/warehouse_proj.dir/Core/Src/robot.c.obj
 .debug_aranges
                0x000011f8       0x58 CMakeFiles/warehouse_proj.dir/Core/Src/motor.c.obj
 .debug_aranges
                0x00001250       0x88 CMakeFiles/warehouse_proj.dir/Core/Src/encoder.c.obj
 .debug_aranges
                0x000012d8       0x30 CMakeFiles/warehouse_proj.dir/Core/Src/line_following.c.obj
 .debug_aranges
                0x00001308       0x70 CMakeFiles/warehouse_proj.dir/Core/Src/servo.c.obj
 .debug_aranges
                0x00001378       0x48 CMakeFiles/warehouse_proj.dir/Core/Src/stepper.c.obj

.debug_rnglists
                0x00000000      0xf6a
 .debug_rnglists
                0x00000000       0x1a cmake/stm32cubemx/CMakeFiles/STM32_Drivers.dir/__/__/Core/Src/system_stm32g4xx.c.obj
 .debug_rnglists
                0x0000001a       0xf1 cmake/stm32cubemx/CMakeFiles/STM32_Drivers.dir/__/__/Drivers/STM32G4xx_HAL_Driver/Src/stm32g4xx_hal.c.obj
 .debug_rnglists
                0x0000010b       0x74 cmake/stm32cubemx/CMakeFiles/STM32_Drivers.dir/__/__/Drivers/STM32G4xx_HAL_Driver/Src/stm32g4xx_hal_rcc.c.obj
 .debug_rnglists
                0x0000017f       0x3f cmake/stm32cubemx/CMakeFiles/STM32_Drivers.dir/__/__/Drivers/STM32G4xx_HAL_Driver/Src/stm32g4xx_hal_gpio.c.obj
 .debug_rnglists
                0x000001be       0xf1 cmake/stm32cubemx/CMakeFiles/STM32_Drivers.dir/__/__/Drivers/STM32G4xx_HAL_Driver/Src/stm32g4xx_hal_pwr_ex.c.obj
 .debug_rnglists
                0x000002af       0xda cmake/stm32cubemx/CMakeFiles/STM32_Drivers.dir/__/__/Drivers/STM32G4xx_HAL_Driver/Src/stm32g4xx_hal_cortex.c.obj
 .debug_rnglists
                0x00000389      0x178 cmake/stm32cubemx/CMakeFiles/STM32_Drivers.dir/__/__/Drivers/STM32G4xx_HAL_Driver/Src/stm32g4xx_hal_spi.c.obj
 .debug_rnglists
                0x00000501      0x32d cmake/stm32cubemx/CMakeFiles/STM32_Drivers.dir/__/__/Drivers/STM32G4xx_HAL_Driver/Src/stm32g4xx_hal_tim.c.obj
 .debug_rnglists
                0x0000082e      0x1cc cmake/stm32cubemx/CMakeFiles/STM32_Drivers.dir/__/__/Drivers/STM32G4xx_HAL_Driver/Src/stm32g4xx_hal_tim_ex.c.obj
 .debug_rnglists
                0x000009fa      0x1f7 cmake/stm32cubemx/CMakeFiles/STM32_Drivers.dir/__/__/Drivers/STM32G4xx_HAL_Driver/Src/stm32g4xx_hal_uart.c.obj
 .debug_rnglists
                0x00000bf1       0x6e cmake/stm32cubemx/CMakeFiles/STM32_Drivers.dir/__/__/Drivers/BSP/STM32G4xx_Nucleo/stm32g4xx_nucleo.c.obj
 .debug_rnglists
                0x00000c5f       0x57 CMakeFiles/warehouse_proj.dir/Core/Src/main.c.obj
 .debug_rnglists
                0x00000cb6       0x43 CMakeFiles/warehouse_proj.dir/Core/Src/stm32g4xx_it.c.obj
 .debug_rnglists
                0x00000cf9       0x41 CMakeFiles/warehouse_proj.dir/Core/Src/stm32g4xx_hal_msp.c.obj
 .debug_rnglists
                0x00000d3a       0x13 CMakeFiles/warehouse_proj.dir/Core/Src/sysmem.c.obj
 .debug_rnglists
                0x00000d4d       0x19 CMakeFiles/warehouse_proj.dir/startup_stm32g431xx.s.obj
 .debug_rnglists
                0x00000d66       0x14 CMakeFiles/warehouse_proj.dir/Core/Src/MCP3208.c.obj
 .debug_rnglists
                0x00000d7a       0x86 CMakeFiles/warehouse_proj.dir/Core/Src/uart_control.c.obj
 .debug_rnglists
                0x00000e00       0x26 CMakeFiles/warehouse_proj.dir/Core/Src/robot.c.obj
 .debug_rnglists
                0x00000e26       0x3f CMakeFiles/warehouse_proj.dir/Core/Src/motor.c.obj
 .debug_rnglists
                0x00000e65       0x61 CMakeFiles/warehouse_proj.dir/Core/Src/encoder.c.obj
 .debug_rnglists
                0x00000ec6       0x21 CMakeFiles/warehouse_proj.dir/Core/Src/line_following.c.obj
 .debug_rnglists
                0x00000ee7       0x51 CMakeFiles/warehouse_proj.dir/Core/Src/servo.c.obj
 .debug_rnglists
                0x00000f38       0x32 CMakeFiles/warehouse_proj.dir/Core/Src/stepper.c.obj

.debug_line     0x00000000    0x10e51
 .debug_line    0x00000000      0x2ba cmake/stm32cubemx/CMakeFiles/STM32_Drivers.dir/__/__/Core/Src/system_stm32g4xx.c.obj
 .debug_line    0x000002ba      0x713 cmake/stm32cubemx/CMakeFiles/STM32_Drivers.dir/__/__/Drivers/STM32G4xx_HAL_Driver/Src/stm32g4xx_hal.c.obj
 .debug_line    0x000009cd      0xb6e cmake/stm32cubemx/CMakeFiles/STM32_Drivers.dir/__/__/Drivers/STM32G4xx_HAL_Driver/Src/stm32g4xx_hal_rcc.c.obj
 .debug_line    0x0000153b      0x688 cmake/stm32cubemx/CMakeFiles/STM32_Drivers.dir/__/__/Drivers/STM32G4xx_HAL_Driver/Src/stm32g4xx_hal_gpio.c.obj
 .debug_line    0x00001bc3      0x876 cmake/stm32cubemx/CMakeFiles/STM32_Drivers.dir/__/__/Drivers/STM32G4xx_HAL_Driver/Src/stm32g4xx_hal_pwr_ex.c.obj
 .debug_line    0x00002439      0x847 cmake/stm32cubemx/CMakeFiles/STM32_Drivers.dir/__/__/Drivers/STM32G4xx_HAL_Driver/Src/stm32g4xx_hal_cortex.c.obj
 .debug_line    0x00002c80     0x1b98 cmake/stm32cubemx/CMakeFiles/STM32_Drivers.dir/__/__/Drivers/STM32G4xx_HAL_Driver/Src/stm32g4xx_hal_spi.c.obj
 .debug_line    0x00004818     0x3ad0 cmake/stm32cubemx/CMakeFiles/STM32_Drivers.dir/__/__/Drivers/STM32G4xx_HAL_Driver/Src/stm32g4xx_hal_tim.c.obj
 .debug_line    0x000082e8     0x1b35 cmake/stm32cubemx/CMakeFiles/STM32_Drivers.dir/__/__/Drivers/STM32G4xx_HAL_Driver/Src/stm32g4xx_hal_tim_ex.c.obj
 .debug_line    0x00009e1d     0x318d cmake/stm32cubemx/CMakeFiles/STM32_Drivers.dir/__/__/Drivers/STM32G4xx_HAL_Driver/Src/stm32g4xx_hal_uart.c.obj
 .debug_line    0x0000cfaa      0x50d cmake/stm32cubemx/CMakeFiles/STM32_Drivers.dir/__/__/Drivers/BSP/STM32G4xx_Nucleo/stm32g4xx_nucleo.c.obj
 .debug_line    0x0000d4b7      0x98f CMakeFiles/warehouse_proj.dir/Core/Src/main.c.obj
 .debug_line    0x0000de46      0x176 CMakeFiles/warehouse_proj.dir/Core/Src/stm32g4xx_it.c.obj
 .debug_line    0x0000dfbc      0x4a9 CMakeFiles/warehouse_proj.dir/Core/Src/stm32g4xx_hal_msp.c.obj
 .debug_line    0x0000e465      0x22e CMakeFiles/warehouse_proj.dir/Core/Src/sysmem.c.obj
 .debug_line    0x0000e693       0x7b CMakeFiles/warehouse_proj.dir/startup_stm32g431xx.s.obj
 .debug_line    0x0000e70e      0x2d2 CMakeFiles/warehouse_proj.dir/Core/Src/MCP3208.c.obj
 .debug_line    0x0000e9e0      0xbcc CMakeFiles/warehouse_proj.dir/Core/Src/uart_control.c.obj
 .debug_line    0x0000f5ac      0x320 CMakeFiles/warehouse_proj.dir/Core/Src/robot.c.obj
 .debug_line    0x0000f8cc      0x38c CMakeFiles/warehouse_proj.dir/Core/Src/motor.c.obj
 .debug_line    0x0000fc58      0x49b CMakeFiles/warehouse_proj.dir/Core/Src/encoder.c.obj
 .debug_line    0x000100f3      0x55e CMakeFiles/warehouse_proj.dir/Core/Src/line_following.c.obj
 .debug_line    0x00010651      0x46f CMakeFiles/warehouse_proj.dir/Core/Src/servo.c.obj
 .debug_line    0x00010ac0      0x391 CMakeFiles/warehouse_proj.dir/Core/Src/stepper.c.obj

.debug_str      0x00000000     0x6078
 .debug_str     0x00000000     0x6078 cmake/stm32cubemx/CMakeFiles/STM32_Drivers.dir/__/__/Core/Src/system_stm32g4xx.c.obj
                                0x3e0 (size before relaxing)
 .debug_str     0x00006078      0xc85 cmake/stm32cubemx/CMakeFiles/STM32_Drivers.dir/__/__/Drivers/STM32G4xx_HAL_Driver/Src/stm32g4xx_hal.c.obj
 .debug_str     0x00006078      0x848 cmake/stm32cubemx/CMakeFiles/STM32_Drivers.dir/__/__/Drivers/STM32G4xx_HAL_Driver/Src/stm32g4xx_hal_rcc.c.obj
 .debug_str     0x00006078      0x559 cmake/stm32cubemx/CMakeFiles/STM32_Drivers.dir/__/__/Drivers/STM32G4xx_HAL_Driver/Src/stm32g4xx_hal_gpio.c.obj
 .debug_str     0x00006078      0x7fb cmake/stm32cubemx/CMakeFiles/STM32_Drivers.dir/__/__/Drivers/STM32G4xx_HAL_Driver/Src/stm32g4xx_hal_pwr_ex.c.obj
 .debug_str     0x00006078      0xbdb cmake/stm32cubemx/CMakeFiles/STM32_Drivers.dir/__/__/Drivers/STM32G4xx_HAL_Driver/Src/stm32g4xx_hal_cortex.c.obj
 .debug_str     0x00006078      0xcf9 cmake/stm32cubemx/CMakeFiles/STM32_Drivers.dir/__/__/Drivers/STM32G4xx_HAL_Driver/Src/stm32g4xx_hal_spi.c.obj
 .debug_str     0x00006078     0x18be cmake/stm32cubemx/CMakeFiles/STM32_Drivers.dir/__/__/Drivers/STM32G4xx_HAL_Driver/Src/stm32g4xx_hal_tim.c.obj
 .debug_str     0x00006078     0x1531 cmake/stm32cubemx/CMakeFiles/STM32_Drivers.dir/__/__/Drivers/STM32G4xx_HAL_Driver/Src/stm32g4xx_hal_tim_ex.c.obj
 .debug_str     0x00006078     0x1232 cmake/stm32cubemx/CMakeFiles/STM32_Drivers.dir/__/__/Drivers/STM32G4xx_HAL_Driver/Src/stm32g4xx_hal_uart.c.obj
 .debug_str     0x00006078      0xc96 cmake/stm32cubemx/CMakeFiles/STM32_Drivers.dir/__/__/Drivers/BSP/STM32G4xx_Nucleo/stm32g4xx_nucleo.c.obj
 .debug_str     0x00006078     0x1636 CMakeFiles/warehouse_proj.dir/Core/Src/main.c.obj
 .debug_str     0x00006078      0x249 CMakeFiles/warehouse_proj.dir/Core/Src/stm32g4xx_it.c.obj
 .debug_str     0x00006078      0xc9c CMakeFiles/warehouse_proj.dir/Core/Src/stm32g4xx_hal_msp.c.obj
 .debug_str     0x00006078      0x23a CMakeFiles/warehouse_proj.dir/Core/Src/sysmem.c.obj
 .debug_str     0x00006078       0x88 CMakeFiles/warehouse_proj.dir/startup_stm32g431xx.s.obj
 .debug_str     0x00006078      0x7c6 CMakeFiles/warehouse_proj.dir/Core/Src/MCP3208.c.obj
 .debug_str     0x00006078     0x1164 CMakeFiles/warehouse_proj.dir/Core/Src/uart_control.c.obj
 .debug_str     0x00006078      0x3a8 CMakeFiles/warehouse_proj.dir/Core/Src/robot.c.obj
 .debug_str     0x00006078      0x93f CMakeFiles/warehouse_proj.dir/Core/Src/motor.c.obj
 .debug_str     0x00006078      0xa24 CMakeFiles/warehouse_proj.dir/Core/Src/encoder.c.obj
 .debug_str     0x00006078      0x919 CMakeFiles/warehouse_proj.dir/Core/Src/line_following.c.obj
 .debug_str     0x00006078      0x9e8 CMakeFiles/warehouse_proj.dir/Core/Src/servo.c.obj
 .debug_str     0x00006078      0x96c CMakeFiles/warehouse_proj.dir/Core/Src/stepper.c.obj

.debug_frame    0x00000000     0x56f4
 .debug_frame   0x00000000       0x58 cmake/stm32cubemx/CMakeFiles/STM32_Drivers.dir/__/__/Core/Src/system_stm32g4xx.c.obj
 .debug_frame   0x00000058      0x500 cmake/stm32cubemx/CMakeFiles/STM32_Drivers.dir/__/__/Drivers/STM32G4xx_HAL_Driver/Src/stm32g4xx_hal.c.obj
 .debug_frame   0x00000558      0x23c cmake/stm32cubemx/CMakeFiles/STM32_Drivers.dir/__/__/Drivers/STM32G4xx_HAL_Driver/Src/stm32g4xx_hal_rcc.c.obj