D:/Downloads/warehouse_proj/Core/Src/main.c:86:5:main	192	static
D:/Downloads/warehouse_proj/Core/Src/main.c:170:6:SystemClock_Config	88	static
D:/Downloads/warehouse_proj/Core/Src/main.c:217:13:MX_SPI1_Init	8	static
D:/Downloads/warehouse_proj/Core/Src/main.c:257:13:MX_TIM1_Init	104	static
D:/Downloads/warehouse_proj/Core/Src/main.c:329:13:MX_TIM2_Init	48	static
D:/Downloads/warehouse_proj/Core/Src/main.c:378:13:MX_TIM3_Init	48	static
D:/Downloads/warehouse_proj/Core/Src/main.c:427:13:MX_TIM16_Init	8	static
D:/Downloads/warehouse_proj/Core/Src/main.c:459:13:MX_TIM17_Init	88	static
D:/Downloads/warehouse_proj/Core/Src/main.c:522:13:MX_GPIO_Init	40	static
D:/Downloads/warehouse_proj/Core/Src/main.c:596:6:Error_Handler	40	static
